Component: Arm Compiler for Embedded 6.23 Tool: armlink [5f102400]

==============================================================================

Section Cross References

    startup_stm32f103xb.o(STACK) refers (Special) to heapauxi.o(.text) for __use_two_region_memory
    startup_stm32f103xb.o(HEAP) refers (Special) to heapauxi.o(.text) for __use_two_region_memory
    startup_stm32f103xb.o(RESET) refers (Special) to heapauxi.o(.text) for __use_two_region_memory
    startup_stm32f103xb.o(RESET) refers to startup_stm32f103xb.o(STACK) for __initial_sp
    startup_stm32f103xb.o(RESET) refers to startup_stm32f103xb.o(.text) for Reset_Handler
    startup_stm32f103xb.o(RESET) refers to stm32f1xx_it.o(.text.NMI_Handler) for NMI_Handler
    startup_stm32f103xb.o(RESET) refers to stm32f1xx_it.o(.text.HardFault_Handler) for HardFault_Handler
    startup_stm32f103xb.o(RESET) refers to stm32f1xx_it.o(.text.MemManage_Handler) for MemManage_Handler
    startup_stm32f103xb.o(RESET) refers to stm32f1xx_it.o(.text.BusFault_Handler) for BusFault_Handler
    startup_stm32f103xb.o(RESET) refers to stm32f1xx_it.o(.text.UsageFault_Handler) for UsageFault_Handler
    startup_stm32f103xb.o(RESET) refers to stm32f1xx_it.o(.text.SVC_Handler) for SVC_Handler
    startup_stm32f103xb.o(RESET) refers to stm32f1xx_it.o(.text.DebugMon_Handler) for DebugMon_Handler
    startup_stm32f103xb.o(RESET) refers to stm32f1xx_it.o(.text.PendSV_Handler) for PendSV_Handler
    startup_stm32f103xb.o(RESET) refers to stm32f1xx_it.o(.text.SysTick_Handler) for SysTick_Handler
    startup_stm32f103xb.o(RESET) refers to stm32f1xx_it.o(.text.TIM2_IRQHandler) for TIM2_IRQHandler
    startup_stm32f103xb.o(.text) refers (Special) to heapauxi.o(.text) for __use_two_region_memory
    startup_stm32f103xb.o(.text) refers to system_stm32f1xx.o(.text.SystemInit) for SystemInit
    startup_stm32f103xb.o(.text) refers to __main.o(!!!main) for __main
    startup_stm32f103xb.o(.text) refers to startup_stm32f103xb.o(HEAP) for Heap_Mem
    startup_stm32f103xb.o(.text) refers to startup_stm32f103xb.o(STACK) for Stack_Mem
    system_stm32f1xx.o(.ARM.exidx.text.SystemInit) refers to system_stm32f1xx.o(.text.SystemInit) for [Anonymous Symbol]
    system_stm32f1xx.o(.text.SystemCoreClockUpdate) refers to system_stm32f1xx.o(.data.SystemCoreClock) for SystemCoreClock
    system_stm32f1xx.o(.text.SystemCoreClockUpdate) refers to system_stm32f1xx.o(.rodata.AHBPrescTable) for AHBPrescTable
    system_stm32f1xx.o(.ARM.exidx.text.SystemCoreClockUpdate) refers to system_stm32f1xx.o(.text.SystemCoreClockUpdate) for [Anonymous Symbol]
    stm32f1xx_hal.o(.text.HAL_Init) refers to stm32f1xx_hal_cortex.o(.text.HAL_NVIC_SetPriorityGrouping) for HAL_NVIC_SetPriorityGrouping
    stm32f1xx_hal.o(.text.HAL_Init) refers to stm32f1xx_hal.o(.text.HAL_InitTick) for HAL_InitTick
    stm32f1xx_hal.o(.text.HAL_Init) refers to stm32f1xx_hal.o(.text.HAL_MspInit) for HAL_MspInit
    stm32f1xx_hal.o(.ARM.exidx.text.HAL_Init) refers to stm32f1xx_hal.o(.text.HAL_Init) for [Anonymous Symbol]
    stm32f1xx_hal.o(.text.HAL_InitTick) refers to system_stm32f1xx.o(.data.SystemCoreClock) for SystemCoreClock
    stm32f1xx_hal.o(.text.HAL_InitTick) refers to stm32f1xx_hal.o(.data.uwTickFreq) for uwTickFreq
    stm32f1xx_hal.o(.text.HAL_InitTick) refers to stm32f1xx_hal_cortex.o(.text.HAL_SYSTICK_Config) for HAL_SYSTICK_Config
    stm32f1xx_hal.o(.text.HAL_InitTick) refers to stm32f1xx_hal_cortex.o(.text.HAL_NVIC_SetPriority) for HAL_NVIC_SetPriority
    stm32f1xx_hal.o(.text.HAL_InitTick) refers to stm32f1xx_hal.o(.data.uwTickPrio) for uwTickPrio
    stm32f1xx_hal.o(.ARM.exidx.text.HAL_InitTick) refers to stm32f1xx_hal.o(.text.HAL_InitTick) for [Anonymous Symbol]
    stm32f1xx_hal.o(.ARM.exidx.text.HAL_MspInit) refers to stm32f1xx_hal.o(.text.HAL_MspInit) for [Anonymous Symbol]
    stm32f1xx_hal.o(.text.HAL_DeInit) refers to stm32f1xx_hal.o(.text.HAL_MspDeInit) for HAL_MspDeInit
    stm32f1xx_hal.o(.ARM.exidx.text.HAL_DeInit) refers to stm32f1xx_hal.o(.text.HAL_DeInit) for [Anonymous Symbol]
    stm32f1xx_hal.o(.ARM.exidx.text.HAL_MspDeInit) refers to stm32f1xx_hal.o(.text.HAL_MspDeInit) for [Anonymous Symbol]
    stm32f1xx_hal.o(.text.HAL_IncTick) refers to stm32f1xx_hal.o(.data.uwTickFreq) for uwTickFreq
    stm32f1xx_hal.o(.text.HAL_IncTick) refers to stm32f1xx_hal.o(.bss.uwTick) for uwTick
    stm32f1xx_hal.o(.text.HAL_IncTick) refers to config.o(.bss.timeFromTheStartOfMCU) for timeFromTheStartOfMCU
    stm32f1xx_hal.o(.ARM.exidx.text.HAL_IncTick) refers to stm32f1xx_hal.o(.text.HAL_IncTick) for [Anonymous Symbol]
    stm32f1xx_hal.o(.text.HAL_GetTick) refers to stm32f1xx_hal.o(.bss.uwTick) for uwTick
    stm32f1xx_hal.o(.ARM.exidx.text.HAL_GetTick) refers to stm32f1xx_hal.o(.text.HAL_GetTick) for [Anonymous Symbol]
    stm32f1xx_hal.o(.text.HAL_GetTickPrio) refers to stm32f1xx_hal.o(.data.uwTickPrio) for uwTickPrio
[...]
    _init_user_alloc                          - Undefined Weak Reference
    _initio                                   - Undefined Weak Reference
    _printf_mbtowc                            - Undefined Weak Reference
    _printf_wc                                - Undefined Weak Reference
    _rand_init                                - Undefined Weak Reference
    _signal_finish                            - Undefined Weak Reference
    _signal_init                              - Undefined Weak Reference
    _terminate_alloc                          - Undefined Weak Reference
    _terminate_user_alloc                     - Undefined Weak Reference
    _terminateio                              - Undefined Weak Reference
    __Vectors_Size                           0x000000ec   Number         0  startup_stm32f103xb.o ABSOLUTE
    __Vectors                                0x08000000   Data           4  startup_stm32f103xb.o(RESET)
    __Vectors_End                            0x080000ec   Data           0  startup_stm32f103xb.o(RESET)
    __main                                   0x080000ed   Thumb Code     8  __main.o(!!!main)
    __scatterload                            0x080000f5   Thumb Code     0  __scatter.o(!!!scatter)
    __scatterload_rt2                        0x080000f5   Thumb Code    84  __scatter.o(!!!scatter)
    __scatterload_rt2_thumb_only             0x080000f5   Thumb Code     0  __scatter.o(!!!scatter)
    __scatterload_loop                       0x080000ff   Thumb Code     0  __scatter.o(!!!scatter)
    __scatterload_copy                       0x08000151   Thumb Code    26  __scatter_copy.o(!!handler_copy)
    __scatterload_null                       0x0800016d   Thumb Code     2  __scatter.o(!!handler_null)
    __scatterload_zeroinit                   0x08000171   Thumb Code    28  __scatter_zi.o(!!handler_zi)
    _printf_n                                0x0800018d   Thumb Code     0  _printf_n.o(.ARM.Collect$$_printf_percent$$00000001)
    _printf_percent                          0x0800018d   Thumb Code     0  _printf_percent.o(.ARM.Collect$$_printf_percent$$00000000)
    _printf_p                                0x08000193   Thumb Code     0  _printf_p.o(.ARM.Collect$$_printf_percent$$00000002)
    _printf_f                                0x08000199   Thumb Code     0  _printf_f.o(.ARM.Collect$$_printf_percent$$00000003)
    _printf_e                                0x0800019f   Thumb Code     0  _printf_e.o(.ARM.Collect$$_printf_percent$$00000004)
    _printf_g                                0x080001a5   Thumb Code     0  _printf_g.o(.ARM.Collect$$_printf_percent$$00000005)
    _printf_a                                0x080001ab   Thumb Code     0  _printf_a.o(.ARM.Collect$$_printf_percent$$00000006)
    _printf_ll                               0x080001b1   Thumb Code     0  _printf_ll.o(.ARM.Collect$$_printf_percent$$00000007)
    _printf_i                                0x080001bb   Thumb Code     0  _printf_i.o(.ARM.Collect$$_printf_percent$$00000008)
    _printf_d                                0x080001c1   Thumb Code     0  _printf_d.o(.ARM.Collect$$_printf_percent$$00000009)
    _printf_u                                0x080001c7   Thumb Code     0  _printf_u.o(.ARM.Collect$$_printf_percent$$0000000A)
    _printf_o                                0x080001cd   Thumb Code     0  _printf_o.o(.ARM.Collect$$_printf_percent$$0000000B)
    _printf_x                                0x080001d3   Thumb Code     0  _printf_x.o(.ARM.Collect$$_printf_percent$$0000000C)
    _printf_lli                              0x080001d9   Thumb Code     0  _printf_lli.o(.ARM.Collect$$_printf_percent$$0000000D)
    _printf_lld                              0x080001df   Thumb Code     0  _printf_lld.o(.ARM.Collect$$_printf_percent$$0000000E)
    _printf_llu                              0x080001e5   Thumb Code     0  _printf_llu.o(.ARM.Collect$$_printf_percent$$0000000F)
    _printf_llo                              0x080001eb   Thumb Code     0  _printf_llo.o(.ARM.Collect$$_printf_percent$$00000010)
    _printf_llx                              0x080001f1   Thumb Code     0  _printf_llx.o(.ARM.Collect$$_printf_percent$$00000011)
    _printf_l                                0x080001f7   Thumb Code     0  _printf_l.o(.ARM.Collect$$_printf_percent$$00000012)
    _printf_c                                0x08000201   Thumb Code     0  _printf_c.o(.ARM.Collect$$_printf_percent$$00000013)
    _printf_s                                0x08000207   Thumb Code     0  _printf_s.o(.ARM.Collect$$_printf_percent$$00000014)
    _printf_lc                               0x0800020d   Thumb Code     0  _printf_lc.o(.ARM.Collect$$_printf_percent$$00000015)
    _printf_ls                               0x08000213   Thumb Code     0  _printf_ls.o(.ARM.Collect$$_printf_percent$$00000016)
    _printf_percent_end                      0x08000219   Thumb Code     0  _printf_percent_end.o(.ARM.Collect$$_printf_percent$$00000017)
    __rt_lib_init                            0x0800021d   Thumb Code     0  libinit.o(.ARM.Collect$$libinit$$00000000)
    __rt_lib_init_fp_1                       0x0800021f   Thumb Code     0  libinit2.o(.ARM.Collect$$libinit$$00000002)
    __rt_lib_init_heap_1                     0x0800021f   Thumb Code     0  libinit2.o(.ARM.Collect$$libinit$$0000000C)
    __rt_lib_init_lc_common                  0x0800021f   Thumb Code     0  libinit2.o(.ARM.Collect$$libinit$$00000011)
    __rt_lib_init_preinit_1                  0x0800021f   Thumb Code     0  libinit2.o(.ARM.Collect$$libinit$$00000006)
    __rt_lib_init_rand_1                     0x0800021f   Thumb Code     0  libinit2.o(.ARM.Collect$$libinit$$00000010)
    __rt_lib_init_relocate_pie_1             0x0800021f   Thumb Code     0  libinit2.o(.ARM.Collect$$libinit$$00000004)
    __rt_lib_init_user_alloc_1               0x0800021f   Thumb Code     0  libinit2.o(.ARM.Collect$$libinit$$0000000E)
    __rt_lib_init_lc_collate_1               0x08000225   Thumb Code     0  libinit2.o(.ARM.Collect$$libinit$$00000013)
    __rt_lib_init_lc_ctype_2                 0x08000225   Thumb Code     0  libinit2.o(.ARM.Collect$$libinit$$00000014)
    __rt_lib_init_lc_ctype_1                 0x08000231   Thumb Code     0  libinit2.o(.ARM.Collect$$libinit$$00000015)
    __rt_lib_init_lc_monetary_1              0x08000231   Thumb Code     0  libinit2.o(.ARM.Collect$$libinit$$00000017)
    __rt_lib_init_lc_numeric_2               0x08000231   Thumb Code     0  libinit2.o(.ARM.Collect$$libinit$$00000018)
    __rt_lib_init_alloca_1                   0x0800023b   Thumb Code     0  libinit2.o(.ARM.Collect$$libinit$$00000030)
    __rt_lib_init_argv_1                     0x0800023b   Thumb Code     0  libinit2.o(.ARM.Collect$$libinit$$0000002E)
    __rt_lib_init_atexit_1                   0x0800023b   Thumb Code     0  libinit2.o(.ARM.Collect$$libinit$$0000001D)
    __rt_lib_init_clock_1                    0x0800023b   Thumb Code     0  libinit2.o(.ARM.Collect$$libinit$$00000023)
    __rt_lib_init_cpp_1                      0x0800023b   Thumb Code     0  libinit2.o(.ARM.Collect$$libinit$$00000034)
    __rt_lib_init_exceptions_1               0x0800023b   Thumb Code     0  libinit2.o(.ARM.Collect$$libinit$$00000032)
    __rt_lib_init_fp_trap_1                  0x0800023b   Thumb Code     0  libinit2.o(.ARM.Collect$$libinit$$00000021)
    __rt_lib_init_getenv_1                   0x0800023b   Thumb Code     0  libinit2.o(.ARM.Collect$$libinit$$00000025)
    __rt_lib_init_lc_numeric_1               0x0800023b   Thumb Code     0  libinit2.o(.ARM.Collect$$libinit$$00000019)
    __rt_lib_init_lc_time_1                  0x0800023b   Thumb Code     0  libinit2.o(.ARM.Collect$$libinit$$0000001B)
    __rt_lib_init_return                     0x0800023b   Thumb Code     0  libinit2.o(.ARM.Collect$$libinit$$00000035)
    __rt_lib_init_signal_1                   0x0800023b   Thumb Code     0  libinit2.o(.ARM.Collect$$libinit$$0000001F)
    __rt_lib_init_stdio_1                    0x0800023b   Thumb Code     0  libinit2.o(.ARM.Collect$$libinit$$00000027)
    __rt_lib_shutdown                        0x0800023d   Thumb Code     0  libshutdown.o(.ARM.Collect$$libshutdown$$00000000)
    __rt_lib_shutdown_cpp_1                  0x0800023f   Thumb Code     0  libshutdown2.o(.ARM.Collect$$libshutdown$$00000002)
    __rt_lib_shutdown_fp_trap_1              0x0800023f   Thumb Code     0  libshutdown2.o(.ARM.Collect$$libshutdown$$00000007)
    __rt_lib_shutdown_heap_1                 0x0800023f   Thumb Code     0  libshutdown2.o(.ARM.Collect$$libshutdown$$0000000F)
    __rt_lib_shutdown_return                 0x0800023f   Thumb Code     0  libshutdown2.o(.ARM.Collect$$libshutdown$$00000010)
    __rt_lib_shutdown_signal_1               0x0800023f   Thumb Code     0  libshutdown2.o(.ARM.Collect$$libshutdown$$0000000A)
    __rt_lib_shutdown_stdio_1                0x0800023f   Thumb Code     0  libshutdown2.o(.ARM.Collect$$libshutdown$$00000004)
    __rt_lib_shutdown_user_alloc_1           0x0800023f   Thumb Code     0  libshutdown2.o(.ARM.Collect$$libshutdown$$0000000C)
    __rt_entry                               0x08000241   Thumb Code     0  __rtentry.o(.ARM.Collect$$rtentry$$00000000)
    __rt_entry_presh_1                       0x08000241   Thumb Code     0  __rtentry2.o(.ARM.Collect$$rtentry$$00000002)
    __rt_entry_sh                            0x08000241   Thumb Code     0  __rtentry4.o(.ARM.Collect$$rtentry$$00000004)
    __rt_entry_li                            0x08000247   Thumb Code     0  __rtentry2.o(.ARM.Collect$$rtentry$$0000000A)
    __rt_entry_postsh_1                      0x08000247   Thumb Code     0  __rtentry2.o(.ARM.Collect$$rtentry$$00000009)
    __rt_entry_main                          0x0800024b   Thumb Code     0  __rtentry2.o(.ARM.Collect$$rtentry$$0000000D)
    __rt_entry_postli_1                      0x0800024b   Thumb Code     0  __rtentry2.o(.ARM.Collect$$rtentry$$0000000C)
    __rt_exit                                0x08000253   Thumb Code     0  rtexit.o(.ARM.Collect$$rtexit$$00000000)
    __rt_exit_ls                             0x08000255   Thumb Code     0  rtexit2.o(.ARM.Collect$$rtexit$$00000003)
    __rt_exit_prels_1                        0x08000255   Thumb Code     0  rtexit2.o(.ARM.Collect$$rtexit$$00000002)
    __rt_exit_exit                           0x08000259   Thumb Code     0  rtexit2.o(.ARM.Collect$$rtexit$$00000004)
    Reset_Handler                            0x08000261   Thumb Code     8  startup_stm32f103xb.o(.text)
    ADC1_2_IRQHandler                        0x0800027b   Thumb Code     0  startup_stm32f103xb.o(.text)
    CAN1_RX1_IRQHandler                      0x0800027b   Thumb Code     0  startup_stm32f103xb.o(.text)
    CAN1_SCE_IRQHandler                      0x0800027b   Thumb Code     0  startup_stm32f103xb.o(.text)
    DMA1_Channel1_IRQHandler                 0x0800027b   Thumb Code     0  startup_stm32f103xb.o(.text)
    DMA1_Channel2_IRQHandler                 0x0800027b   Thumb Code     0  startup_stm32f103xb.o(.text)
    DMA1_Channel3_IRQHandler                 0x0800027b   Thumb Code     0  startup_stm32f103xb.o(.text)
    DMA1_Channel4_IRQHandler                 0x0800027b   Thumb Code     0  startup_stm32f103xb.o(.text)
    DMA1_Channel5_IRQHandler                 0x0800027b   Thumb Code     0  startup_stm32f103xb.o(.text)
    DMA1_Channel6_IRQHandler                 0x0800027b   Thumb Code     0  startup_stm32f103xb.o(.text)
    DMA1_Channel7_IRQHandler                 0x0800027b   Thumb Code     0  startup_stm32f103xb.o(.text)
    EXTI0_IRQHandler                         0x0800027b   Thumb Code     0  startup_stm32f103xb.o(.text)
    EXTI15_10_IRQHandler                     0x0800027b   Thumb Code     0  startup_stm32f103xb.o(.text)
    EXTI1_IRQHandler                         0x0800027b   Thumb Code     0  startup_stm32f103xb.o(.text)
    EXTI2_IRQHandler                         0x0800027b   Thumb Code     0  startup_stm32f103xb.o(.text)
    EXTI3_IRQHandler                         0x0800027b   Thumb Code     0  startup_stm32f103xb.o(.text)
    EXTI4_IRQHandler                         0x0800027b   Thumb Code     0  startup_stm32f103xb.o(.text)
    EXTI9_5_IRQHandler                       0x0800027b   Thumb Code     0  startup_stm32f103xb.o(.text)
    FLASH_IRQHandler                         0x0800027b   Thumb Code     0  startup_stm32f103xb.o(.text)
    I2C1_ER_IRQHandler                       0x0800027b   Thumb Code     0  startup_stm32f103xb.o(.text)
    I2C1_EV_IRQHandler                       0x0800027b   Thumb Code     0  startup_stm32f103xb.o(.text)
    I2C2_ER_IRQHandler                       0x0800027b   Thumb Code     0  startup_stm32f103xb.o(.text)
    I2C2_EV_IRQHandler                       0x0800027b   Thumb Code     0  startup_stm32f103xb.o(.text)
    PVD_IRQHandler                           0x0800027b   Thumb Code     0  startup_stm32f103xb.o(.text)
    RCC_IRQHandler                           0x0800027b   Thumb Code     0  startup_stm32f103xb.o(.text)
    RTC_Alarm_IRQHandler                     0x0800027b   Thumb Code     0  startup_stm32f103xb.o(.text)
    RTC_IRQHandler                           0x0800027b   Thumb Code     0  startup_stm32f103xb.o(.text)
    SPI1_IRQHandler                          0x0800027b   Thumb Code     0  startup_stm32f103xb.o(.text)
    SPI2_IRQHandler                          0x0800027b   Thumb Code     0  startup_stm32f103xb.o(.text)
    TAMPER_IRQHandler                        0x0800027b   Thumb Code     0  startup_stm32f103xb.o(.text)
    TIM1_BRK_IRQHandler                      0x0800027b   Thumb Code     0  startup_stm32f103xb.o(.text)
    TIM1_CC_IRQHandler                       0x0800027b   Thumb Code     0  startup_stm32f103xb.o(.text)
    TIM1_TRG_COM_IRQHandler                  0x0800027b   Thumb Code     0  startup_stm32f103xb.o(.text)
    TIM1_UP_IRQHandler                       0x0800027b   Thumb Code     0  startup_stm32f103xb.o(.text)
    TIM3_IRQHandler                          0x0800027b   Thumb Code     0  startup_stm32f103xb.o(.text)
    TIM4_IRQHandler                          0x0800027b   Thumb Code     0  startup_stm32f103xb.o(.text)
    USART1_IRQHandler                        0x0800027b   Thumb Code     0  startup_stm32f103xb.o(.text)
    USART2_IRQHandler                        0x0800027b   Thumb Code     0  startup_stm32f103xb.o(.text)
    USART3_IRQHandler                        0x0800027b   Thumb Code     0  startup_stm32f103xb.o(.text)
    USBWakeUp_IRQHandler                     0x0800027b   Thumb Code     0  startup_stm32f103xb.o(.text)
    USB_HP_CAN1_TX_IRQHandler                0x0800027b   Thumb Code     0  startup_stm32f103xb.o(.text)
    USB_LP_CAN1_RX0_IRQHandler               0x0800027b   Thumb Code     0  startup_stm32f103xb.o(.text)
    WWDG_IRQHandler                          0x0800027b   Thumb Code     0  startup_stm32f103xb.o(.text)
    __user_initial_stackheap                 0x0800027d   Thumb Code     0  startup_stm32f103xb.o(.text)
    sprintf                                  0x080002a1   Thumb Code    38  sprintf.o(.text)
    snprintf                                 0x080002cd   Thumb Code    58  snprintf.o(.text)
    strtoul                                  0x0800030d   Thumb Code   114  strtoul.o(.text)
    strstr                                   0x0800037f   Thumb Code    36  strstr.o(.text)
    strlen                                   0x080003a3   Thumb Code    62  strlen.o(.text)
    __aeabi_memclr                           0x080003e1   Thumb Code     0  rt_memclr.o(.text)
    __rt_memclr                              0x080003e1   Thumb Code     0  rt_memclr.o(.text)
    _memset                                  0x080003e5   Thumb Code    64  rt_memclr.o(.text)
    __aeabi_memclr4                          0x08000425   Thumb Code     0  rt_memclr_w.o(.text)
    __aeabi_memclr8                          0x08000425   Thumb Code     0  rt_memclr_w.o(.text)
    __rt_memclr_w                            0x08000425   Thumb Code     0  rt_memclr_w.o(.text)
    _memset_w                                0x08000429   Thumb Code    74  rt_memclr_w.o(.text)
    __use_two_region_memory                  0x08000473   Thumb Code     2  heapauxi.o(.text)
    __rt_heap_escrow$2region                 0x08000475   Thumb Code     2  heapauxi.o(.text)
    __rt_heap_expand$2region                 0x08000477   Thumb Code     2  heapauxi.o(.text)
    __rt_ctype_table                         0x08000479   Thumb Code    16  rt_ctype_table.o(.text)
    __aeabi_errno_addr                       0x08000489   Thumb Code     8  rt_errno_addr_intlibspace.o(.text)
    __errno$intlibspace                      0x08000489   Thumb Code     0  rt_errno_addr_intlibspace.o(.text)
    __rt_errno_addr$intlibspace              0x08000489   Thumb Code     0  rt_errno_addr_intlibspace.o(.text)
    _printf_pre_padding                      0x08000491   Thumb Code    44  _printf_pad.o(.text)
    _printf_post_padding                     0x080004bd   Thumb Code    34  _printf_pad.o(.text)
    _printf_truncate_signed                  0x080004df   Thumb Code    18  _printf_truncate.o(.text)
    _printf_truncate_unsigned                0x080004f1   Thumb Code    18  _printf_truncate.o(.text)
    _printf_str                              0x08000503   Thumb Code    82  _printf_str.o(.text)
    _printf_int_dec                          0x08000555   Thumb Code   104  _printf_dec.o(.text)
    _printf_charcount                        0x080005cd   Thumb Code    40  _printf_charcount.o(.text)
    _printf_char_common                      0x080005ff   Thumb Code    32  _printf_char_common.o(.text)
    _sputc                                   0x08000625   Thumb Code    10  _sputc.o(.text)
    _snputc                                  0x0800062f   Thumb Code    16  _snputc.o(.text)
    _printf_wctomb                           0x08000641   Thumb Code   182  _printf_wctomb.o(.text)
    _printf_longlong_dec                     0x080006fd   Thumb Code   108  _printf_longlong_dec.o(.text)
    _printf_longlong_oct                     0x08000779   Thumb Code    68  _printf_oct_int_ll.o(.text)
    _printf_int_oct                          0x080007bd   Thumb Code    24  _printf_oct_int_ll.o(.text)
    _printf_ll_oct                           0x080007d5   Thumb Code    12  _printf_oct_int_ll.o(.text)
    _printf_longlong_hex                     0x080007e9   Thumb Code    86  _printf_hex_int_ll_ptr.o(.text)
    _printf_int_hex                          0x0800083f   Thumb Code    28  _printf_hex_int_ll_ptr.o(.text)
    _printf_ll_hex                           0x0800085b   Thumb Code    12  _printf_hex_int_ll_ptr.o(.text)
    _printf_hex_ptr                          0x08000867   Thumb Code    18  _printf_hex_int_ll_ptr.o(.text)
    __printf                                 0x0800087d   Thumb Code   388  __printf_flags_ss_wp.o(.text)
    _strtoul                                 0x08000a05   Thumb Code   158  _strtoul.o(.text)
    __user_libspace                          0x08000aa5   Thumb Code     8  libspace.o(.text)
    __user_perproc_libspace                  0x08000aa5   Thumb Code     0  libspace.o(.text)
    __user_perthread_libspace                0x08000aa5   Thumb Code     0  libspace.o(.text)
    __rt_locale                              0x08000aad   Thumb Code     8  rt_locale_intlibspace.o(.text)
    _ll_udiv10                               0x08000ab5   Thumb Code   138  lludiv10.o(.text)
    _printf_int_common                       0x08000b3f   Thumb Code   178  _printf_intcommon.o(.text)
    _printf_fp_dec_real                      0x08000da1   Thumb Code   620  _printf_fp_dec.o(.text)
    _printf_fp_hex_real                      0x0800100d   Thumb Code   756  _printf_fp_hex.o(.text)
    _printf_cs_common                        0x08001309   Thumb Code    20  _printf_char.o(.text)
    _printf_char                             0x0800131d   Thumb Code    16  _printf_char.o(.text)
    _printf_string                           0x0800132d   Thumb Code     8  _printf_char.o(.text)
    _printf_lcs_common                       0x08001335   Thumb Code    20  _printf_wchar.o(.text)
    _printf_wchar                            0x08001349   Thumb Code    16  _printf_wchar.o(.text)
    _printf_wstring                          0x08001359   Thumb Code     8  _printf_wchar.o(.text)
    _chval                                   0x08001361   Thumb Code    28  _chval.o(.text)
    _c16rtomb                                0x0800137d   Thumb Code    72  _c16rtomb.o(.text)
    _wcrtomb                                 0x0800137d   Thumb Code     0  _c16rtomb.o(.text)
    __user_setup_stackheap                   0x080013c5   Thumb Code    74  sys_stackheap_outer.o(.text)
    _printf_fp_infnan                        0x08001411   Thumb Code   112  _printf_fp_infnan.o(.text)
    _btod_etento                             0x08001491   Thumb Code   224  bigflt0.o(.text)
    exit                                     0x08001575   Thumb Code    18  exit.o(.text)
    strcmp                                   0x08001589   Thumb Code   128  strcmpv7m.o(.text)
    _sys_exit                                0x08001609   Thumb Code     8  sys_exit.o(.text)
    __I$use$semihosting                      0x08001615   Thumb Code     0  use_no_semi.o(.text)
    __use_no_semihosting_swi                 0x08001615   Thumb Code     2  use_no_semi.o(.text)
    __semihosting_library_function           0x08001617   Thumb Code     0  indicate_semi.o(.text)
    ADC1_Init                                0x08001619   Thumb Code   116  adc.o(.text.ADC1_Init)
    ADC_ConversionStop_Disable               0x0800168d   Thumb Code   130  stm32f1xx_hal_adc.o(.text.ADC_ConversionStop_Disable)
    ADC_Enable                               0x08001711   Thumb Code   188  stm32f1xx_hal_adc.o(.text.ADC_Enable)
    ADC_Read_Channel                         0x080017cd   Thumb Code   100  adc.o(.text.ADC_Read_Channel)
    BusFault_Handler                         0x08001831   Thumb Code     4  stm32f1xx_it.o(.text.BusFault_Handler)
    DebugMon_Handler                         0x08001835   Thumb Code     2  stm32f1xx_it.o(.text.DebugMon_Handler)
    Error_Handler                            0x08001839   Thumb Code    14  config.o(.text.Error_Handler)
    GPIO_Init_All                            0x080018a9   Thumb Code   468  gpio.o(.text.GPIO_Init_All)
    Get_Battery_Voltage                      0x08001a7d   Thumb Code   148  adc.o(.text.Get_Battery_Voltage)
    Gyro_Configure                           0x08001b11   Thumb Code    96  l3g4200d.o(.text.Gyro_Configure)
    Gyro_Init                                0x08001b71   Thumb Code   170  l3g4200d.o(.text.Gyro_Init)
    Gyro_Read_Velocity                       0x08001c1d   Thumb Code   158  l3g4200d.o(.text.Gyro_Read_Velocity)
    HAL_ADC_ConfigChannel                    0x08001cbd   Thumb Code   436  stm32f1xx_hal_adc.o(.text.HAL_ADC_ConfigChannel)
    HAL_ADC_GetValue                         0x08001e71   Thumb Code    14  stm32f1xx_hal_adc.o(.text.HAL_ADC_GetValue)
    HAL_ADC_Init                             0x08001e81   Thumb Code   530  stm32f1xx_hal_adc.o(.text.HAL_ADC_Init)
    HAL_ADC_MspInit                          0x08002095   Thumb Code     8  stm32f1xx_hal_adc.o(.text.HAL_ADC_MspInit)
    HAL_ADC_PollForConversion                0x0800209d   Thumb Code   644  stm32f1xx_hal_adc.o(.text.HAL_ADC_PollForConversion)
    HAL_ADC_Start                            0x08002321   Thumb Code   438  stm32f1xx_hal_adc.o(.text.HAL_ADC_Start)
    HAL_ADC_Stop                             0x080024d9   Thumb Code   112  stm32f1xx_hal_adc.o(.text.HAL_ADC_Stop)
    HAL_Delay                                0x08002549   Thumb Code    66  stm32f1xx_hal.o(.text.HAL_Delay)
    HAL_GPIO_Init                            0x0800258d   Thumb Code   798  stm32f1xx_hal_gpio.o(.text.HAL_GPIO_Init)
    HAL_GPIO_ReadPin                         0x080028ad   Thumb Code    46  stm32f1xx_hal_gpio.o(.text.HAL_GPIO_ReadPin)
    HAL_GPIO_TogglePin                       0x080028dd   Thumb Code    38  stm32f1xx_hal_gpio.o(.text.HAL_GPIO_TogglePin)
    HAL_GPIO_WritePin                        0x08002905   Thumb Code    46  stm32f1xx_hal_gpio.o(.text.HAL_GPIO_WritePin)
    HAL_GetTick                              0x08002935   Thumb Code    12  stm32f1xx_hal.o(.text.HAL_GetTick)
    HAL_I2C_Init                             0x08002941   Thumb Code   676  stm32f1xx_hal_i2c.o(.text.HAL_I2C_Init)
    HAL_I2C_Mem_Read                         0x08002be5   Thumb Code  1250  stm32f1xx_hal_i2c.o(.text.HAL_I2C_Mem_Read)
    HAL_I2C_Mem_Write                        0x080030c9   Thumb Code   532  stm32f1xx_hal_i2c.o(.text.HAL_I2C_Mem_Write)
    HAL_I2C_MspInit                          0x080032dd   Thumb Code     8  stm32f1xx_hal_i2c.o(.text.HAL_I2C_MspInit)
    HAL_IncTick                              0x080032e5   Thumb Code    42  stm32f1xx_hal.o(.text.HAL_IncTick)
    HAL_Init                                 0x08003311   Thumb Code    38  stm32f1xx_hal.o(.text.HAL_Init)
    HAL_InitTick                             0x08003339   Thumb Code   112  stm32f1xx_hal.o(.text.HAL_InitTick)
    HAL_MspInit                              0x080033a9   Thumb Code     2  stm32f1xx_hal.o(.text.HAL_MspInit)
    HAL_NVIC_EnableIRQ                       0x080033ad   Thumb Code    20  stm32f1xx_hal_cortex.o(.text.HAL_NVIC_EnableIRQ)
    HAL_NVIC_SetPriority                     0x080033c1   Thumb Code    50  stm32f1xx_hal_cortex.o(.text.HAL_NVIC_SetPriority)
    HAL_NVIC_SetPriorityGrouping             0x080033f5   Thumb Code    16  stm32f1xx_hal_cortex.o(.text.HAL_NVIC_SetPriorityGrouping)
    HAL_RCCEx_GetPeriphCLKFreq               0x08003405   Thumb Code   406  stm32f1xx_hal_rcc_ex.o(.text.HAL_RCCEx_GetPeriphCLKFreq)
    HAL_RCC_ClockConfig                      0x0800359d   Thumb Code   598  stm32f1xx_hal_rcc.o(.text.HAL_RCC_ClockConfig)
    HAL_RCC_GetHCLKFreq                      0x080037f5   Thumb Code    12  stm32f1xx_hal_rcc.o(.text.HAL_RCC_GetHCLKFreq)
    HAL_RCC_GetPCLK1Freq                     0x08003801   Thumb Code    34  stm32f1xx_hal_rcc.o(.text.HAL_RCC_GetPCLK1Freq)
    HAL_RCC_GetPCLK2Freq                     0x08003825   Thumb Code    34  stm32f1xx_hal_rcc.o(.text.HAL_RCC_GetPCLK2Freq)
    HAL_RCC_GetSysClockFreq                  0x08003849   Thumb Code   188  stm32f1xx_hal_rcc.o(.text.HAL_RCC_GetSysClockFreq)
    HAL_RCC_OscConfig                        0x08003905   Thumb Code  1658  stm32f1xx_hal_rcc.o(.text.HAL_RCC_OscConfig)
    HAL_SPI_Init                             0x08003f81   Thumb Code   250  stm32f1xx_hal_spi.o(.text.HAL_SPI_Init)
    HAL_SPI_MspInit                          0x0800407d   Thumb Code     8  stm32f1xx_hal_spi.o(.text.HAL_SPI_MspInit)
    HAL_SPI_TransmitReceive                  0x08004085   Thumb Code   930  stm32f1xx_hal_spi.o(.text.HAL_SPI_TransmitReceive)
    HAL_SYSTICK_Config                       0x08004429   Thumb Code    16  stm32f1xx_hal_cortex.o(.text.HAL_SYSTICK_Config)
    HAL_TIMEx_BreakCallback                  0x08004439   Thumb Code     8  stm32f1xx_hal_tim_ex.o(.text.HAL_TIMEx_BreakCallback)
    HAL_TIMEx_CommutCallback                 0x08004441   Thumb Code     8  stm32f1xx_hal_tim_ex.o(.text.HAL_TIMEx_CommutCallback)
    HAL_TIMEx_MasterConfigSynchronization    0x08004449   Thumb Code   220  stm32f1xx_hal_tim_ex.o(.text.HAL_TIMEx_MasterConfigSynchronization)
    HAL_TIM_Base_Init                        0x08004525   Thumb Code   156  stm32f1xx_hal_tim.o(.text.HAL_TIM_Base_Init)
    HAL_TIM_Base_MspInit                     0x080045c1   Thumb Code    72  stm32f1xx_hal_msp.o(.text.HAL_TIM_Base_MspInit)
    HAL_TIM_Base_Start_IT                    0x08004609   Thumb Code   176  stm32f1xx_hal_tim.o(.text.HAL_TIM_Base_Start_IT)
    HAL_TIM_ConfigClockSource                0x080046b9   Thumb Code   388  stm32f1xx_hal_tim.o(.text.HAL_TIM_ConfigClockSource)
    HAL_TIM_IC_CaptureCallback               0x0800483d   Thumb Code     8  stm32f1xx_hal_tim.o(.text.HAL_TIM_IC_CaptureCallback)
    HAL_TIM_IRQHandler                       0x08004845   Thumb Code   538  stm32f1xx_hal_tim.o(.text.HAL_TIM_IRQHandler)
    HAL_TIM_OC_DelayElapsedCallback          0x08004a61   Thumb Code     8  stm32f1xx_hal_tim.o(.text.HAL_TIM_OC_DelayElapsedCallback)
    HAL_TIM_PWM_PulseFinishedCallback        0x08004a69   Thumb Code     8  stm32f1xx_hal_tim.o(.text.HAL_TIM_PWM_PulseFinishedCallback)
    HAL_TIM_PeriodElapsedCallback            0x08004a71   Thumb Code   112  stm32f1xx_it.o(.text.HAL_TIM_PeriodElapsedCallback)
    HAL_TIM_TriggerCallback                  0x08004ae1   Thumb Code     8  stm32f1xx_hal_tim.o(.text.HAL_TIM_TriggerCallback)
    HAL_UART_Init                            0x08004ae9   Thumb Code   158  stm32f1xx_hal_uart.o(.text.HAL_UART_Init)
    HAL_UART_MspInit                         0x08004b89   Thumb Code     8  stm32f1xx_hal_uart.o(.text.HAL_UART_MspInit)
    HAL_UART_Transmit                        0x08004b91   Thumb Code   304  stm32f1xx_hal_uart.o(.text.HAL_UART_Transmit)
    HardFault_Handler                        0x08004cc1   Thumb Code     4  stm32f1xx_it.o(.text.HardFault_Handler)
    I2C_Init_All                             0x08004cc5   Thumb Code   120  i2c.o(.text.I2C_Init_All)
    MCU_Init                                 0x0800554d   Thumb Code   138  config.o(.text.MCU_Init)
    MX_TIM2_Init                             0x080055d9   Thumb Code   128  timers.o(.text.MX_TIM2_Init)
    MemManage_Handler                        0x08005659   Thumb Code     4  stm32f1xx_it.o(.text.MemManage_Handler)
    NMI_Handler                              0x0800565d   Thumb Code     4  stm32f1xx_it.o(.text.NMI_Handler)
    PendSV_Handler                           0x080056cd   Thumb Code     2  stm32f1xx_it.o(.text.PendSV_Handler)
    SD_PowerOn                               0x0800570d   Thumb Code    34  sd.o(.text.SD_PowerOn)
    SD_Read_Block                            0x08005731   Thumb Code   208  sd.o(.text.SD_Read_Block)
    SD_Write_Block                           0x08005801   Thumb Code   262  sd.o(.text.SD_Write_Block)
    SPI_Init_All                             0x08005a99   Thumb Code    96  spi.o(.text.SPI_Init_All)
    SPI_ReceiveByte                          0x08005af9   Thumb Code    22  sd.o(.text.SPI_ReceiveByte)
    SPI_Release                              0x08005b11   Thumb Code    10  sd.o(.text.SPI_Release)
    SPI_SendByte                             0x08005b1d   Thumb Code    20  sd.o(.text.SPI_SendByte)
    SPIx_WriteRead                           0x08005c5d   Thumb Code    72  sd.o(.text.SPIx_WriteRead)
    SVC_Handler                              0x08005ca5   Thumb Code     2  stm32f1xx_it.o(.text.SVC_Handler)
    SysTick_Handler                          0x08005cfd   Thumb Code     8  stm32f1xx_it.o(.text.SysTick_Handler)
    SystemClock_Config                       0x08005d05   Thumb Code   108  config.o(.text.SystemClock_Config)
    SystemInit                               0x08005d71   Thumb Code     2  system_stm32f1xx.o(.text.SystemInit)
    TIM2_IRQHandler                          0x08005d75   Thumb Code    16  stm32f1xx_it.o(.text.TIM2_IRQHandler)
    TIM_Base_SetConfig                       0x08005d85   Thumb Code   262  stm32f1xx_hal_tim.o(.text.TIM_Base_SetConfig)
    TIM_ETR_SetConfig                        0x08005e8d   Thumb Code    52  stm32f1xx_hal_tim.o(.text.TIM_ETR_SetConfig)
    UART_Init_All                            0x08006069   Thumb Code    68  usart.o(.text.UART_Init_All)
    UsageFault_Handler                       0x08006245   Thumb Code     4  stm32f1xx_it.o(.text.UsageFault_Handler)
    blinkTheDiod                             0x08006421   Thumb Code    50  led.o(.text.blinkTheDiod)
    checkIsDeviceCharging                    0x08006455   Thumb Code    86  processfunctions.o(.text.checkIsDeviceCharging)
    checkTheBatteryCondition                 0x080064ad   Thumb Code   288  adc.o(.text.checkTheBatteryCondition)
    main                                     0x08006631   Thumb Code   192  main.o(.text.main)
    prepareStructure                         0x080066f1   Thumb Code    26  l3g4200d.o(.text.prepareStructure)
    processAlgorithm                         0x0800670d   Thumb Code   410  processfunctions.o(.text.processAlgorithm)
    processCurrentData                       0x080068a9   Thumb Code   146  processfunctions.o(.text.processCurrentData)
    sd_ini                                   0x0800693d   Thumb Code   642  sd.o(.text.sd_ini)
    setTimeToReadAndIidexOfIteration         0x08006bc1   Thumb Code   146  sd.o(.text.setTimeToReadAndIidexOfIteration)
    startGettingData                         0x08006c55   Thumb Code    72  l3g4200d.o(.text.startGettingData)
    _btod_d2e                                0x08006c9d   Thumb Code    62  btod.o(CL$$btod_d2e)
    _d2e_denorm_low                          0x08006cdb   Thumb Code    70  btod.o(CL$$btod_d2e_denorm_low)
    _d2e_norm_op1                            0x08006d21   Thumb Code    96  btod.o(CL$$btod_d2e_norm_op1)
    __btod_div_common                        0x08006d81   Thumb Code   696  btod.o(CL$$btod_div_common)
    _e2e                                     0x080070b9   Thumb Code   220  btod.o(CL$$btod_e2e)
    _btod_ediv                               0x08007195   Thumb Code    42  btod.o(CL$$btod_ediv)
    _btod_emul                               0x080071bf   Thumb Code    42  btod.o(CL$$btod_emul)
    __btod_mult_common                       0x080071e9   Thumb Code   580  btod.o(CL$$btod_mult_common)
    __ARM_fpclassify                         0x0800742d   Thumb Code    40  fpclassify.o(i.__ARM_fpclassify)
    _is_digit                                0x08007455   Thumb Code    14  __printf_wp.o(i._is_digit)
    _get_lc_ctype                            0x08007465   Thumb Code    44  lc_ctype_c.o(locale$$code)
    _get_lc_numeric                          0x08007491   Thumb Code    44  lc_numeric_c.o(locale$$code)
    __aeabi_fadd                             0x080074bd   Thumb Code     0  faddsub_clz.o(x$fpl$fadd)
    _fadd                                    0x080074bd   Thumb Code   196  faddsub_clz.o(x$fpl$fadd)
    __aeabi_fcmpeq                           0x08007581   Thumb Code     0  fcmp.o(x$fpl$fcmp)
    _feq                                     0x08007581   Thumb Code    14  fcmp.o(x$fpl$fcmp)
    _fneq                                    0x0800758f   Thumb Code    14  fcmp.o(x$fpl$fcmp)
    __aeabi_fcmpgt                           0x0800759d   Thumb Code     0  fcmp.o(x$fpl$fcmp)
    _fgr                                     0x0800759d   Thumb Code    14  fcmp.o(x$fpl$fcmp)
    __aeabi_fcmpge                           0x080075ab   Thumb Code     0  fcmp.o(x$fpl$fcmp)
    _fgeq                                    0x080075ab   Thumb Code    14  fcmp.o(x$fpl$fcmp)
    __aeabi_fcmple                           0x080075b9   Thumb Code     0  fcmp.o(x$fpl$fcmp)
    _fleq                                    0x080075b9   Thumb Code    14  fcmp.o(x$fpl$fcmp)
    __aeabi_fcmplt                           0x080075c7   Thumb Code     0  fcmp.o(x$fpl$fcmp)
    _fls                                     0x080075c7   Thumb Code    14  fcmp.o(x$fpl$fcmp)
    __fpl_fcmp_Inf                           0x080075d5   Thumb Code    24  fcmpi.o(x$fpl$fcmpinf)
    __aeabi_fdiv                             0x080075ed   Thumb Code     0  fdiv.o(x$fpl$fdiv)
    _fdiv                                    0x080075ed   Thumb Code   384  fdiv.o(x$fpl$fdiv)
    __aeabi_cfcmpeq                          0x08007771   Thumb Code     0  feqf.o(x$fpl$feqf)
    _fcmpeq                                  0x08007771   Thumb Code   104  feqf.o(x$fpl$feqf)
    __aeabi_f2iz                             0x080077d9   Thumb Code     0  ffix.o(x$fpl$ffix)
    _ffix                                    0x080077d9   Thumb Code    54  ffix.o(x$fpl$ffix)
    __aeabi_i2f                              0x08007811   Thumb Code     0  fflt_clz.o(x$fpl$fflt)
    _fflt                                    0x08007811   Thumb Code    48  fflt_clz.o(x$fpl$fflt)
    __aeabi_ui2f                             0x08007841   Thumb Code     0  fflt_clz.o(x$fpl$ffltu)
    _ffltu                                   0x08007841   Thumb Code    38  fflt_clz.o(x$fpl$ffltu)
    _fcmpge                                  0x08007869   Thumb Code   104  fgeqf.o(x$fpl$fgeqf)
    __aeabi_cfcmple                          0x080078d1   Thumb Code     0  fleqf.o(x$fpl$fleqf)
    _fcmple                                  0x080078d1   Thumb Code   104  fleqf.o(x$fpl$fleqf)
    __fpl_fcmple_InfNaN                      0x08007923   Thumb Code     0  fleqf.o(x$fpl$fleqf)
    __aeabi_fmul                             0x08007939   Thumb Code     0  fmul.o(x$fpl$fmul)
    _fmul                                    0x08007939   Thumb Code   258  fmul.o(x$fpl$fmul)
    __fpl_fnaninf                            0x08007a3b   Thumb Code   140  fnaninf.o(x$fpl$fnaninf)
    __fpl_fretinf                            0x08007ac7   Thumb Code    10  fretinf.o(x$fpl$fretinf)
    __aeabi_fsub                             0x08007ad1   Thumb Code     0  faddsub_clz.o(x$fpl$fsub)
    _fsub                                    0x08007ad1   Thumb Code   234  faddsub_clz.o(x$fpl$fsub)
    _printf_fp_dec                           0x08007bbb   Thumb Code     4  printf1.o(x$fpl$printf1)
    _printf_fp_hex                           0x08007bbf   Thumb Code     4  printf2.o(x$fpl$printf2)
    __I$use$fp                               0x08007bc2   Number         0  usenofp.o(x$fpl$usenofp)
    AHBPrescTable                            0x08007cc0   Data          16  system_stm32f1xx.o(.rodata.AHBPrescTable)
    APBPrescTable                            0x08007cd0   Data           8  system_stm32f1xx.o(.rodata.APBPrescTable)
    Region$$Table$$Base                      0x08007e44   Number         0  anon$$obj.o(Region$$Table)
    Region$$Table$$Limit                     0x08007e64   Number         0  anon$$obj.o(Region$$Table)
    __ctype                                  0x08007e71   Data           0  lc_ctype_c.o(locale$$data)
    STEP_TO_READ_MS                          0x20000000   Data           4  l3g4200d.o(.data.STEP_TO_READ_MS)
    SystemCoreClock                          0x20000004   Data           4  system_stm32f1xx.o(.data.SystemCoreClock)
    indexOfIteration                         0x2000000c   Data           4  config.o(.data.indexOfIteration)
    isChargeOnBatteryEnough                  0x20000010   Data           1  main.o(.data.isChargeOnBatteryEnough)
    isFirstStep                              0x20000011   Data           1  config.o(.data.isFirstStep)
    is_first_iteration                       0x20000012   Data           1  processfunctions.o(.data.is_first_iteration)
    sensitivity                              0x20000014   Data           4  l3g4200d.o(.data.sensitivity)
    uwTickFreq                               0x20000018   Data           1  stm32f1xx_hal.o(.data.uwTickFreq)
    uwTickPrio                               0x2000001c   Data           4  stm32f1xx_hal.o(.data.uwTickPrio)
    __libspace_start                         0x20000020   Data          96  libspace.o(.bss)
    Timer2                                   0x20000080   Data           2  main.o(.bss.Timer2)
    __temporary_stack_top$libspace           0x20000080   Data           0  libspace.o(.bss)
    buffer                                   0x20000084   Data         512  main.o(.bss.buffer)
    counterToCheckBatteryCondition           0x20000284   Data           2  main.o(.bss.counterToCheckBatteryCondition)
    hadc1                                    0x20000288   Data          48  main.o(.bss.hadc1)
    hi2c1                                    0x200002b8   Data          84  i2c.o(.bss.hi2c1)
    hspi1                                    0x2000030c   Data          88  spi.o(.bss.hspi1)
    htim2                                    0x20000364   Data          72  main.o(.bss.htim2)
    huart1                                   0x200003ac   Data          72  usart.o(.bss.huart1)
    isBatteryConditionNeedsToBeChecked       0x200003f4   Data           1  config.o(.bss.isBatteryConditionNeedsToBeChecked)
    isErrorFlag                              0x200003f5   Data           1  config.o(.bss.isErrorFlag)
    is_charging                              0x200003f6   Data           1  config.o(.bss.is_charging)
    numberOfPoints                           0x200003f8   Data           4  main.o(.bss.numberOfPoints)
    sdinfo                                   0x200003fc   Data           1  sd.o(.bss.sdinfo)
    str1                                     0x200003fd   Data          60  sd.o(.bss.str1)
    timeFromTheStartOfMCU                    0x2000043c   Data           4  config.o(.bss.timeFromTheStartOfMCU)
    uwTick                                   0x20000440   Data           4  stm32f1xx_hal.o(.bss.uwTick)



==============================================================================

Memory Map of the image

  Image Entry point : 0x08000261

  Load Region LR_1 (Base: 0x08000000, Size: 0x00007fb0, Max: 0xffffffff, ABSOLUTE)

    Execution Region ER_RO (Exec base: 0x08000000, Load base: 0x08000000, Size: 0x00007f90, Max: 0xffffffff, ABSOLUTE)

    Exec Addr    Load Addr    Size         Type   Attr      Idx    E Section Name        Object

    0x08000000   0x08000000   0x000000ec   Data   RO            3    RESET               startup_stm32f103xb.o
    0x080000ec   0x080000ec   0x00000008   Code   RO         1368  * !!!main             c_w.l(__main.o)
    0x080000f4   0x080000f4   0x0000005c   Code   RO         1752    !!!scatter          c_w.l(__scatter.o)
    0x08000150   0x08000150   0x0000001a   Code   RO         1756    !!handler_copy      c_w.l(__scatter_copy.o)
    0x0800016a   0x0800016a   0x00000002   PAD
    0x0800016c   0x0800016c   0x00000002   Code   RO         1753    !!handler_null      c_w.l(__scatter.o)
    0x0800016e   0x0800016e   0x00000002   PAD
    0x08000170   0x08000170   0x0000001c   Code   RO         1758    !!handler_zi        c_w.l(__scatter_zi.o)
    0x0800018c   0x0800018c   0x00000000   Code   RO         1485    .ARM.Collect$$_printf_percent$$00000000  c_w.l(_printf_percent.o)
    0x0800018c   0x0800018c   0x00000006   Code   RO         1474    .ARM.Collect$$_printf_percent$$00000001  c_w.l(_printf_n.o)
    0x08000192   0x08000192   0x00000006   Code   RO         1476    .ARM.Collect$$_printf_percent$$00000002  c_w.l(_printf_p.o)
    0x08000198   0x08000198   0x00000006   Code   RO         1481    .ARM.Collect$$_printf_percent$$00000003  c_w.l(_printf_f.o)
    0x0800019e   0x0800019e   0x00000006   Code   RO         1482    .ARM.Collect$$_printf_percent$$00000004  c_w.l(_printf_e.o)
    0x080001a4   0x080001a4   0x00000006   Code   RO         1483    .ARM.Collect$$_printf_percent$$00000005  c_w.l(_printf_g.o)
    0x080001aa   0x080001aa   0x00000006   Code   RO         1484    .ARM.Collect$$_printf_percent$$00000006  c_w.l(_printf_a.o)
    0x080001b0   0x080001b0   0x0000000a   Code   RO         1489    .ARM.Collect$$_printf_percent$$00000007  c_w.l(_printf_ll.o)
    0x080001ba   0x080001ba   0x00000006   Code   RO         1478    .ARM.Collect$$_printf_percent$$00000008  c_w.l(_printf_i.o)
    0x080001c0   0x080001c0   0x00000006   Code   RO         1479    .ARM.Collect$$_printf_percent$$00000009  c_w.l(_printf_d.o)
    0x080001c6   0x080001c6   0x00000006   Code   RO         1480    .ARM.Collect$$_printf_percent$$0000000A  c_w.l(_printf_u.o)
    0x080001cc   0x080001cc   0x00000006   Code   RO         1477    .ARM.Collect$$_printf_percent$$0000000B  c_w.l(_printf_o.o)
    0x080001d2   0x080001d2   0x00000006   Code   RO         1475    .ARM.Collect$$_printf_percent$$0000000C  c_w.l(_printf_x.o)
    0x080001d8   0x080001d8   0x00000006   Code   RO         1486    .ARM.Collect$$_printf_percent$$0000000D  c_w.l(_printf_lli.o)
    0x080001de   0x080001de   0x00000006   Code   RO         1487    .ARM.Collect$$_printf_percent$$0000000E  c_w.l(_printf_lld.o)
    0x080001e4   0x080001e4   0x00000006   Code   RO         1488    .ARM.Collect$$_printf_percent$$0000000F  c_w.l(_printf_llu.o)
    0x080001ea   0x080001ea   0x00000006   Code   RO         1493    .ARM.Collect$$_printf_percent$$00000010  c_w.l(_printf_llo.o)
    0x080001f0   0x080001f0   0x00000006   Code   RO         1494    .ARM.Collect$$_printf_percent$$00000011  c_w.l(_printf_llx.o)
    0x080001f6   0x080001f6   0x0000000a   Code   RO         1490    .ARM.Collect$$_printf_percent$$00000012  c_w.l(_printf_l.o)
    0x08000200   0x08000200   0x00000006   Code   RO         1472    .ARM.Collect$$_printf_percent$$00000013  c_w.l(_printf_c.o)
    0x08000206   0x08000206   0x00000006   Code   RO         1473    .ARM.Collect$$_printf_percent$$00000014  c_w.l(_printf_s.o)
    0x0800020c   0x0800020c   0x00000006   Code   RO         1491    .ARM.Collect$$_printf_percent$$00000015  c_w.l(_printf_lc.o)
    0x08000212   0x08000212   0x00000006   Code   RO         1492    .ARM.Collect$$_printf_percent$$00000016  c_w.l(_printf_ls.o)
    0x08000218   0x08000218   0x00000004   Code   RO         1556    .ARM.Collect$$_printf_percent$$00000017  c_w.l(_printf_percent_end.o)
    0x0800021c   0x0800021c   0x00000002   Code   RO         1609    .ARM.Collect$$libinit$$00000000  c_w.l(libinit.o)
    0x0800021e   0x0800021e   0x00000000   Code   RO         1611    .ARM.Collect$$libinit$$00000002  c_w.l(libinit2.o)
    0x0800021e   0x0800021e   0x00000000   Code   RO         1613    .ARM.Collect$$libinit$$00000004  c_w.l(libinit2.o)
    0x0800021e   0x0800021e   0x00000000   Code   RO         1615    .ARM.Collect$$libinit$$00000006  c_w.l(libinit2.o)
    0x0800021e   0x0800021e   0x00000000   Code   RO         1618    .ARM.Collect$$libinit$$0000000C  c_w.l(libinit2.o)
    0x0800021e   0x0800021e   0x00000000   Code   RO         1620    .ARM.Collect$$libinit$$0000000E  c_w.l(libinit2.o)
    0x0800021e   0x0800021e   0x00000000   Code   RO         1622    .ARM.Collect$$libinit$$00000010  c_w.l(libinit2.o)
    0x0800021e   0x0800021e   0x00000006   Code   RO         1623    .ARM.Collect$$libinit$$00000011  c_w.l(libinit2.o)
    0x08000224   0x08000224   0x00000000   Code   RO         1625    .ARM.Collect$$libinit$$00000013  c_w.l(libinit2.o)
    0x08000224   0x08000224   0x0000000c   Code   RO         1626    .ARM.Collect$$libinit$$00000014  c_w.l(libinit2.o)
    0x08000230   0x08000230   0x00000000   Code   RO         1627    .ARM.Collect$$libinit$$00000015  c_w.l(libinit2.o)
    0x08000230   0x08000230   0x00000000   Code   RO         1629    .ARM.Collect$$libinit$$00000017  c_w.l(libinit2.o)
    0x08000230   0x08000230   0x0000000a   Code   RO         1630    .ARM.Collect$$libinit$$00000018  c_w.l(libinit2.o)
    0x0800023a   0x0800023a   0x00000000   Code   RO         1631    .ARM.Collect$$libinit$$00000019  c_w.l(libinit2.o)
    0x0800023a   0x0800023a   0x00000000   Code   RO         1633    .ARM.Collect$$libinit$$0000001B  c_w.l(libinit2.o)
    0x0800023a   0x0800023a   0x00000000   Code   RO         1635    .ARM.Collect$$libinit$$0000001D  c_w.l(libinit2.o)
    0x0800023a   0x0800023a   0x00000000   Code   RO         1637    .ARM.Collect$$libinit$$0000001F  c_w.l(libinit2.o)
    0x0800023a   0x0800023a   0x00000000   Code   RO         1639    .ARM.Collect$$libinit$$00000021  c_w.l(libinit2.o)
    0x0800023a   0x0800023a   0x00000000   Code   RO         1641    .ARM.Collect$$libinit$$00000023  c_w.l(libinit2.o)
    0x0800023a   0x0800023a   0x00000000   Code   RO         1643    .ARM.Collect$$libinit$$00000025  c_w.l(libinit2.o)
    0x0800023a   0x0800023a   0x00000000   Code   RO         1645    .ARM.Collect$$libinit$$00000027  c_w.l(libinit2.o)
    0x0800023a   0x0800023a   0x00000000   Code   RO         1649    .ARM.Collect$$libinit$$0000002E  c_w.l(libinit2.o)
    0x0800023a   0x0800023a   0x00000000   Code   RO         1651    .ARM.Collect$$libinit$$00000030  c_w.l(libinit2.o)
    0x0800023a   0x0800023a   0x00000000   Code   RO         1653    .ARM.Collect$$libinit$$00000032  c_w.l(libinit2.o)
    0x0800023a   0x0800023a   0x00000000   Code   RO         1655    .ARM.Collect$$libinit$$00000034  c_w.l(libinit2.o)
    0x0800023a   0x0800023a   0x00000002   Code   RO         1656    .ARM.Collect$$libinit$$00000035  c_w.l(libinit2.o)
    0x0800023c   0x0800023c   0x00000002   Code   RO         1698    .ARM.Collect$$libshutdown$$00000000  c_w.l(libshutdown.o)
    0x0800023e   0x0800023e   0x00000000   Code   RO         1709    .ARM.Collect$$libshutdown$$00000002  c_w.l(libshutdown2.o)
    0x0800023e   0x0800023e   0x00000000   Code   RO         1711    .ARM.Collect$$libshutdown$$00000004  c_w.l(libshutdown2.o)
    0x0800023e   0x0800023e   0x00000000   Code   RO         1714    .ARM.Collect$$libshutdown$$00000007  c_w.l(libshutdown2.o)
    0x0800023e   0x0800023e   0x00000000   Code   RO         1717    .ARM.Collect$$libshutdown$$0000000A  c_w.l(libshutdown2.o)
    0x0800023e   0x0800023e   0x00000000   Code   RO         1719    .ARM.Collect$$libshutdown$$0000000C  c_w.l(libshutdown2.o)
    0x0800023e   0x0800023e   0x00000000   Code   RO         1722    .ARM.Collect$$libshutdown$$0000000F  c_w.l(libshutdown2.o)
    0x0800023e   0x0800023e   0x00000002   Code   RO         1723    .ARM.Collect$$libshutdown$$00000010  c_w.l(libshutdown2.o)
    0x08000240   0x08000240   0x00000000   Code   RO         1394    .ARM.Collect$$rtentry$$00000000  c_w.l(__rtentry.o)
    0x08000240   0x08000240   0x00000000   Code   RO         1520    .ARM.Collect$$rtentry$$00000002  c_w.l(__rtentry2.o)
    0x08000240   0x08000240   0x00000006   Code   RO         1532    .ARM.Collect$$rtentry$$00000004  c_w.l(__rtentry4.o)
    0x08000246   0x08000246   0x00000000   Code   RO         1522    .ARM.Collect$$rtentry$$00000009  c_w.l(__rtentry2.o)
    0x08000246   0x08000246   0x00000004   Code   RO         1523    .ARM.Collect$$rtentry$$0000000A  c_w.l(__rtentry2.o)
    0x0800024a   0x0800024a   0x00000000   Code   RO         1525    .ARM.Collect$$rtentry$$0000000C  c_w.l(__rtentry2.o)
    0x0800024a   0x0800024a   0x00000008   Code   RO         1526    .ARM.Collect$$rtentry$$0000000D  c_w.l(__rtentry2.o)
    0x08000252   0x08000252   0x00000002   Code   RO         1661    .ARM.Collect$$rtexit$$00000000  c_w.l(rtexit.o)
    0x08000254   0x08000254   0x00000000   Code   RO         1670    .ARM.Collect$$rtexit$$00000002  c_w.l(rtexit2.o)
    0x08000254   0x08000254   0x00000004   Code   RO         1671    .ARM.Collect$$rtexit$$00000003  c_w.l(rtexit2.o)
    0x08000258   0x08000258   0x00000006   Code   RO         1672    .ARM.Collect$$rtexit$$00000004  c_w.l(rtexit2.o)
    0x0800025e   0x0800025e   0x00000002   PAD
    0x08000260   0x08000260   0x00000040   Code   RO            4  * .text               startup_stm32f103xb.o
    0x080002a0   0x080002a0   0x0000002c   Code   RO         1352    .text               c_w.l(sprintf.o)
    0x080002cc   0x080002cc   0x00000040   Code   RO         1354    .text               c_w.l(snprintf.o)
    0x0800030c   0x0800030c   0x00000072   Code   RO         1356    .text               c_w.l(strtoul.o)
    0x0800037e   0x0800037e   0x00000024   Code   RO         1358    .text               c_w.l(strstr.o)
    0x080003a2   0x080003a2   0x0000003e   Code   RO         1360    .text               c_w.l(strlen.o)
    0x080003e0   0x080003e0   0x00000044   Code   RO         1362    .text               c_w.l(rt_memclr.o)
    0x08000424   0x08000424   0x0000004e   Code   RO         1364    .text               c_w.l(rt_memclr_w.o)
    0x08000472   0x08000472   0x00000006   Code   RO         1366    .text               c_w.l(heapauxi.o)
    0x08000478   0x08000478   0x00000010   Code   RO         1395    .text               c_w.l(rt_ctype_table.o)
    0x08000488   0x08000488   0x00000008   Code   RO         1400    .text               c_w.l(rt_errno_addr_intlibspace.o)
    0x08000490   0x08000490   0x0000004e   Code   RO         1404    .text               c_w.l(_printf_pad.o)
    0x080004de   0x080004de   0x00000024   Code   RO         1406    .text               c_w.l(_printf_truncate.o)
    0x08000502   0x08000502   0x00000052   Code   RO         1408    .text               c_w.l(_printf_str.o)
    0x08000554   0x08000554   0x00000078   Code   RO         1410    .text               c_w.l(_printf_dec.o)
    0x080005cc   0x080005cc   0x00000028   Code   RO         1412    .text               c_w.l(_printf_charcount.o)
    0x080005f4   0x080005f4   0x00000030   Code   RO         1414    .text               c_w.l(_printf_char_common.o)
    0x08000624   0x08000624   0x0000000a   Code   RO         1416    .text               c_w.l(_sputc.o)
    0x0800062e   0x0800062e   0x00000010   Code   RO         1418    .text               c_w.l(_snputc.o)
    0x0800063e   0x0800063e   0x00000002   PAD
    0x08000640   0x08000640   0x000000bc   Code   RO         1420    .text               c_w.l(_printf_wctomb.o)
    0x080006fc   0x080006fc   0x0000007c   Code   RO         1423    .text               c_w.l(_printf_longlong_dec.o)
    0x08000778   0x08000778   0x00000070   Code   RO         1429    .text               c_w.l(_printf_oct_int_ll.o)
    0x080007e8   0x080007e8   0x00000094   Code   RO         1449    .text               c_w.l(_printf_hex_int_ll_ptr.o)
    0x0800087c   0x0800087c   0x00000188   Code   RO         1469    .text               c_w.l(__printf_flags_ss_wp.o)
    0x08000a04   0x08000a04   0x0000009e   Code   RO         1495    .text               c_w.l(_strtoul.o)
    0x08000aa2   0x08000aa2   0x00000002   PAD
    0x08000aa4   0x08000aa4   0x00000008   Code   RO         1516    .text               c_w.l(libspace.o)
    0x08000aac   0x08000aac   0x00000008   Code   RO         1537    .text               c_w.l(rt_locale_intlibspace.o)
    0x08000ab4   0x08000ab4   0x0000008a   Code   RO         1539    .text               c_w.l(lludiv10.o)
    0x08000b3e   0x08000b3e   0x000000b2   Code   RO         1541    .text               c_w.l(_printf_intcommon.o)
    0x08000bf0   0x08000bf0   0x0000041c   Code   RO         1543    .text               c_w.l(_printf_fp_dec.o)
    0x0800100c   0x0800100c   0x000002fc   Code   RO         1547    .text               c_w.l(_printf_fp_hex.o)
    0x08001308   0x08001308   0x0000002c   Code   RO         1552    .text               c_w.l(_printf_char.o)
    0x08001334   0x08001334   0x0000002c   Code   RO         1554    .text               c_w.l(_printf_wchar.o)
    0x08001360   0x08001360   0x0000001c   Code   RO         1557    .text               c_w.l(_chval.o)
    0x0800137c   0x0800137c   0x00000048   Code   RO         1559    .text               c_w.l(_c16rtomb.o)
    0x080013c4   0x080013c4   0x0000004a   Code   RO         1566    .text               c_w.l(sys_stackheap_outer.o)
    0x0800140e   0x0800140e   0x00000002   PAD
    0x08001410   0x08001410   0x00000080   Code   RO         1568    .text               c_w.l(_printf_fp_infnan.o)
    0x08001490   0x08001490   0x000000e4   Code   RO         1570    .text               c_w.l(bigflt0.o)
    0x08001574   0x08001574   0x00000012   Code   RO         1600    .text               c_w.l(exit.o)
    0x08001586   0x08001586   0x00000002   PAD
    0x08001588   0x08001588   0x00000080   Code   RO         1602    .text               c_w.l(strcmpv7m.o)
    0x08001608   0x08001608   0x0000000c   Code   RO         1684    .text               c_w.l(sys_exit.o)
    0x08001614   0x08001614   0x00000002   Code   RO         1699    .text               c_w.l(use_no_semi.o)
    0x08001616   0x08001616   0x00000000   Code   RO         1701    .text               c_w.l(indicate_semi.o)
    0x08001616   0x08001616   0x00000002   PAD
    0x08001618   0x08001618   0x00000074   Code   RO         1336    .text.ADC1_Init     adc.o
    0x0800168c   0x0800168c   0x00000082   Code   RO         1033    .text.ADC_ConversionStop_Disable  stm32f1xx_hal_adc.o
    0x0800170e   0x0800170e   0x00000002   PAD
    0x08001710   0x08001710   0x000000bc   Code   RO         1041    .text.ADC_Enable    stm32f1xx_hal_adc.o
    0x080017cc   0x080017cc   0x00000064   Code   RO         1338    .text.ADC_Read_Channel  adc.o
    0x08001830   0x08001830   0x00000004   Code   RO         1218    .text.BusFault_Handler  stm32f1xx_it.o
    0x08001834   0x08001834   0x00000002   Code   RO         1224    .text.DebugMon_Handler  stm32f1xx_it.o
    0x08001836   0x08001836   0x00000002   PAD
    0x08001838   0x08001838   0x0000000e   Code   RO         1135    .text.Error_Handler  config.o
    0x08001846   0x08001846   0x00000002   PAD
    0x08001848   0x08001848   0x00000060   Code   RO         1152    .text.GPIO_EnableClocks  gpio.o
    0x080018a8   0x080018a8   0x000001d4   Code   RO         1150    .text.GPIO_Init_All  gpio.o
    0x08001a7c   0x08001a7c   0x00000094   Code   RO         1340    .text.Get_Battery_Voltage  adc.o
    0x08001b10   0x08001b10   0x00000060   Code   RO         1243    .text.Gyro_Configure  l3g4200d.o
    0x08001b70   0x08001b70   0x000000aa   Code   RO         1241    .text.Gyro_Init     l3g4200d.o
    0x08001c1a   0x08001c1a   0x00000002   PAD
    0x08001c1c   0x08001c1c   0x0000009e   Code   RO         1245    .text.Gyro_Read_Velocity  l3g4200d.o
    0x08001cba   0x08001cba   0x00000002   PAD
    0x08001cbc   0x08001cbc   0x000001b4   Code   RO         1075    .text.HAL_ADC_ConfigChannel  stm32f1xx_hal_adc.o
    0x08001e70   0x08001e70   0x0000000e   Code   RO         1063    .text.HAL_ADC_GetValue  stm32f1xx_hal_adc.o
    0x08001e7e   0x08001e7e   0x00000002   PAD
    0x08001e80   0x08001e80   0x00000212   Code   RO         1029    .text.HAL_ADC_Init  stm32f1xx_hal_adc.o
    0x08002092   0x08002092   0x00000002   PAD
    0x08002094   0x08002094   0x00000008   Code   RO         1031    .text.HAL_ADC_MspInit  stm32f1xx_hal_adc.o
    0x0800209c   0x0800209c   0x00000284   Code   RO         1045    .text.HAL_ADC_PollForConversion  stm32f1xx_hal_adc.o
    0x08002320   0x08002320   0x000001b6   Code   RO         1039    .text.HAL_ADC_Start  stm32f1xx_hal_adc.o
    0x080024d6   0x080024d6   0x00000002   PAD
    0x080024d8   0x080024d8   0x00000070   Code   RO         1043    .text.HAL_ADC_Stop  stm32f1xx_hal_adc.o
    0x08002548   0x08002548   0x00000042   Code   RO           45    .text.HAL_Delay     stm32f1xx_hal.o
    0x0800258a   0x0800258a   0x00000002   PAD
    0x0800258c   0x0800258c   0x0000031e   Code   RO          183    .text.HAL_GPIO_Init  stm32f1xx_hal_gpio.o
    0x080028aa   0x080028aa   0x00000002   PAD
    0x080028ac   0x080028ac   0x0000002e   Code   RO          187    .text.HAL_GPIO_ReadPin  stm32f1xx_hal_gpio.o
    0x080028da   0x080028da   0x00000002   PAD
    0x080028dc   0x080028dc   0x00000026   Code   RO          191    .text.HAL_GPIO_TogglePin  stm32f1xx_hal_gpio.o
    0x08002902   0x08002902   0x00000002   PAD
    0x08002904   0x08002904   0x0000002e   Code   RO          189    .text.HAL_GPIO_WritePin  stm32f1xx_hal_gpio.o
    0x08002932   0x08002932   0x00000002   PAD
    0x08002934   0x08002934   0x0000000c   Code   RO           37    .text.HAL_GetTick   stm32f1xx_hal.o
    0x08002940   0x08002940   0x000002a4   Code   RO          522    .text.HAL_I2C_Init  stm32f1xx_hal_i2c.o
    0x08002be4   0x08002be4   0x000004e2   Code   RO          576    .text.HAL_I2C_Mem_Read  stm32f1xx_hal_i2c.o
    0x080030c6   0x080030c6   0x00000002   PAD
    0x080030c8   0x080030c8   0x00000214   Code   RO          572    .text.HAL_I2C_Mem_Write  stm32f1xx_hal_i2c.o
    0x080032dc   0x080032dc   0x00000008   Code   RO          524    .text.HAL_I2C_MspInit  stm32f1xx_hal_i2c.o
    0x080032e4   0x080032e4   0x0000002a   Code   RO           35    .text.HAL_IncTick   stm32f1xx_hal.o
    0x0800330e   0x0800330e   0x00000002   PAD
    0x08003310   0x08003310   0x00000026   Code   RO           25    .text.HAL_Init      stm32f1xx_hal.o
    0x08003336   0x08003336   0x00000002   PAD
    0x08003338   0x08003338   0x00000070   Code   RO           27    .text.HAL_InitTick  stm32f1xx_hal.o
    0x080033a8   0x080033a8   0x00000002   Code   RO           29    .text.HAL_MspInit   stm32f1xx_hal.o
    0x080033aa   0x080033aa   0x00000002   PAD
    0x080033ac   0x080033ac   0x00000014   Code   RO           97    .text.HAL_NVIC_EnableIRQ  stm32f1xx_hal_cortex.o
    0x080033c0   0x080033c0   0x00000032   Code   RO           89    .text.HAL_NVIC_SetPriority  stm32f1xx_hal_cortex.o
    0x080033f2   0x080033f2   0x00000002   PAD
    0x080033f4   0x080033f4   0x00000010   Code   RO           85    .text.HAL_NVIC_SetPriorityGrouping  stm32f1xx_hal_cortex.o
    0x08003404   0x08003404   0x00000196   Code   RO          262    .text.HAL_RCCEx_GetPeriphCLKFreq  stm32f1xx_hal_rcc_ex.o
    0x0800359a   0x0800359a   0x00000002   PAD
    0x0800359c   0x0800359c   0x00000256   Code   RO          225    .text.HAL_RCC_ClockConfig  stm32f1xx_hal_rcc.o
    0x080037f2   0x080037f2   0x00000002   PAD
    0x080037f4   0x080037f4   0x0000000c   Code   RO          235    .text.HAL_RCC_GetHCLKFreq  stm32f1xx_hal_rcc.o
    0x08003800   0x08003800   0x00000022   Code   RO          237    .text.HAL_RCC_GetPCLK1Freq  stm32f1xx_hal_rcc.o
    0x08003822   0x08003822   0x00000002   PAD
    0x08003824   0x08003824   0x00000022   Code   RO          239    .text.HAL_RCC_GetPCLK2Freq  stm32f1xx_hal_rcc.o
    0x08003846   0x08003846   0x00000002   PAD
    0x08003848   0x08003848   0x000000bc   Code   RO          227    .text.HAL_RCC_GetSysClockFreq  stm32f1xx_hal_rcc.o
    0x08003904   0x08003904   0x0000067a   Code   RO          221    .text.HAL_RCC_OscConfig  stm32f1xx_hal_rcc.o
    0x08003f7e   0x08003f7e   0x00000002   PAD
    0x08003f80   0x08003f80   0x000000fa   Code   RO          273    .text.HAL_SPI_Init  stm32f1xx_hal_spi.o
    0x0800407a   0x0800407a   0x00000002   PAD
    0x0800407c   0x0800407c   0x00000008   Code   RO          275    .text.HAL_SPI_MspInit  stm32f1xx_hal_spi.o
    0x08004084   0x08004084   0x000003a2   Code   RO          287    .text.HAL_SPI_TransmitReceive  stm32f1xx_hal_spi.o
    0x08004426   0x08004426   0x00000002   PAD
    0x08004428   0x08004428   0x00000010   Code   RO          109    .text.HAL_SYSTICK_Config  stm32f1xx_hal_cortex.o
    0x08004438   0x08004438   0x00000008   Code   RO         1016    .text.HAL_TIMEx_BreakCallback  stm32f1xx_hal_tim_ex.o
    0x08004440   0x08004440   0x00000008   Code   RO         1012    .text.HAL_TIMEx_CommutCallback  stm32f1xx_hal_tim_ex.o
    0x08004448   0x08004448   0x000000dc   Code   RO         1006    .text.HAL_TIMEx_MasterConfigSynchronization  stm32f1xx_hal_tim_ex.o
    0x08004524   0x08004524   0x0000009c   Code   RO          693    .text.HAL_TIM_Base_Init  stm32f1xx_hal_tim.o
    0x080045c0   0x080045c0   0x00000048   Code   RO         1307    .text.HAL_TIM_Base_MspInit  stm32f1xx_hal_msp.o
    0x08004608   0x08004608   0x000000b0   Code   RO          707    .text.HAL_TIM_Base_Start_IT  stm32f1xx_hal_tim.o
    0x080046b8   0x080046b8   0x00000184   Code   RO          885    .text.HAL_TIM_ConfigClockSource  stm32f1xx_hal_tim.o
    0x0800483c   0x0800483c   0x00000008   Code   RO          829    .text.HAL_TIM_IC_CaptureCallback  stm32f1xx_hal_tim.o
    0x08004844   0x08004844   0x0000021a   Code   RO          827    .text.HAL_TIM_IRQHandler  stm32f1xx_hal_tim.o
    0x08004a5e   0x08004a5e   0x00000002   PAD
    0x08004a60   0x08004a60   0x00000008   Code   RO          831    .text.HAL_TIM_OC_DelayElapsedCallback  stm32f1xx_hal_tim.o
    0x08004a68   0x08004a68   0x00000008   Code   RO          833    .text.HAL_TIM_PWM_PulseFinishedCallback  stm32f1xx_hal_tim.o
    0x08004a70   0x08004a70   0x00000070   Code   RO         1232    .text.HAL_TIM_PeriodElapsedCallback  stm32f1xx_it.o
    0x08004ae0   0x08004ae0   0x00000008   Code   RO          837    .text.HAL_TIM_TriggerCallback  stm32f1xx_hal_tim.o
    0x08004ae8   0x08004ae8   0x0000009e   Code   RO          390    .text.HAL_UART_Init  stm32f1xx_hal_uart.o
    0x08004b86   0x08004b86   0x00000002   PAD
    0x08004b88   0x08004b88   0x00000008   Code   RO          392    .text.HAL_UART_MspInit  stm32f1xx_hal_uart.o
    0x08004b90   0x08004b90   0x00000130   Code   RO          406    .text.HAL_UART_Transmit  stm32f1xx_hal_uart.o
    0x08004cc0   0x08004cc0   0x00000004   Code   RO         1214    .text.HardFault_Handler  stm32f1xx_it.o
    0x08004cc4   0x08004cc4   0x00000078   Code   RO         1161    .text.I2C_Init_All  i2c.o
    0x08004d3c   0x08004d3c   0x00000064   Code   RO          684    .text.I2C_IsAcknowledgeFailed  stm32f1xx_hal_i2c.o
    0x08004da0   0x08004da0   0x000001e2   Code   RO          578    .text.I2C_RequestMemoryRead  stm32f1xx_hal_i2c.o
    0x08004f82   0x08004f82   0x00000002   PAD
    0x08004f84   0x08004f84   0x0000013a   Code   RO          574    .text.I2C_RequestMemoryWrite  stm32f1xx_hal_i2c.o
    0x080050be   0x080050be   0x00000002   PAD
    0x080050c0   0x080050c0   0x000000ac   Code   RO          538    .text.I2C_WaitOnBTFFlagUntilTimeout  stm32f1xx_hal_i2c.o
    0x0800516c   0x0800516c   0x00000108   Code   RO          532    .text.I2C_WaitOnFlagUntilTimeout  stm32f1xx_hal_i2c.o
    0x08005274   0x08005274   0x00000154   Code   RO          682    .text.I2C_WaitOnMasterAddressFlagUntilTimeout  stm32f1xx_hal_i2c.o
    0x080053c8   0x080053c8   0x000000dc   Code   RO          544    .text.I2C_WaitOnRXNEFlagUntilTimeout  stm32f1xx_hal_i2c.o
    0x080054a4   0x080054a4   0x000000a8   Code   RO          536    .text.I2C_WaitOnTXEFlagUntilTimeout  stm32f1xx_hal_i2c.o
    0x0800554c   0x0800554c   0x0000008a   Code   RO         1131    .text.MCU_Init      config.o
    0x080055d6   0x080055d6   0x00000002   PAD
    0x080055d8   0x080055d8   0x00000080   Code   RO         1299    .text.MX_TIM2_Init  timers.o
    0x08005658   0x08005658   0x00000004   Code   RO         1216    .text.MemManage_Handler  stm32f1xx_it.o
    0x0800565c   0x0800565c   0x00000004   Code   RO         1212    .text.NMI_Handler   stm32f1xx_it.o
    0x08005660   0x08005660   0x0000006c   Code   RO           95    .text.NVIC_EncodePriority  stm32f1xx_hal_cortex.o
    0x080056cc   0x080056cc   0x00000002   Code   RO         1226    .text.PendSV_Handler  stm32f1xx_it.o
    0x080056ce   0x080056ce   0x00000002   PAD
    0x080056d0   0x080056d0   0x0000003a   Code   RO          223    .text.RCC_Delay     stm32f1xx_hal_rcc.o
    0x0800570a   0x0800570a   0x00000002   PAD
    0x0800570c   0x0800570c   0x00000022   Code   RO         1264    .text.SD_PowerOn    sd.o
    0x0800572e   0x0800572e   0x00000002   PAD
    0x08005730   0x08005730   0x000000d0   Code   RO         1266    .text.SD_Read_Block  sd.o
    0x08005800   0x08005800   0x00000106   Code   RO         1274    .text.SD_Write_Block  sd.o
    0x08005906   0x08005906   0x00000002   PAD
    0x08005908   0x08005908   0x00000122   Code   RO         1268    .text.SD_cmd        sd.o
    0x08005a2a   0x08005a2a   0x00000002   PAD
    0x08005a2c   0x08005a2c   0x0000006a   Code   RO          283    .text.SPI_EndRxTxTransaction  stm32f1xx_hal_spi.o
    0x08005a96   0x08005a96   0x00000002   PAD
    0x08005a98   0x08005a98   0x00000060   Code   RO         1170    .text.SPI_Init_All  spi.o
    0x08005af8   0x08005af8   0x00000016   Code   RO         1272    .text.SPI_ReceiveByte  sd.o
    0x08005b0e   0x08005b0e   0x00000002   PAD
    0x08005b10   0x08005b10   0x0000000a   Code   RO         1270    .text.SPI_Release   sd.o
    0x08005b1a   0x08005b1a   0x00000002   PAD
    0x08005b1c   0x08005b1c   0x00000014   Code   RO         1276    .text.SPI_SendByte  sd.o
    0x08005b30   0x08005b30   0x0000012a   Code   RO          381    .text.SPI_WaitFlagStateUntilTimeout  stm32f1xx_hal_spi.o
    0x08005c5a   0x08005c5a   0x00000002   PAD
    0x08005c5c   0x08005c5c   0x00000048   Code   RO         1280    .text.SPIx_WriteRead  sd.o
    0x08005ca4   0x08005ca4   0x00000002   Code   RO         1222    .text.SVC_Handler   stm32f1xx_it.o
    0x08005ca6   0x08005ca6   0x00000002   PAD
    0x08005ca8   0x08005ca8   0x00000052   Code   RO          111    .text.SysTick_Config  stm32f1xx_hal_cortex.o
    0x08005cfa   0x08005cfa   0x00000002   PAD
    0x08005cfc   0x08005cfc   0x00000008   Code   RO         1228    .text.SysTick_Handler  stm32f1xx_it.o
    0x08005d04   0x08005d04   0x0000006c   Code   RO         1133    .text.SystemClock_Config  config.o
    0x08005d70   0x08005d70   0x00000002   Code   RO           11    .text.SystemInit    system_stm32f1xx.o
    0x08005d72   0x08005d72   0x00000002   PAD
    0x08005d74   0x08005d74   0x00000010   Code   RO         1230    .text.TIM2_IRQHandler  stm32f1xx_it.o
    0x08005d84   0x08005d84   0x00000106   Code   RO          697    .text.TIM_Base_SetConfig  stm32f1xx_hal_tim.o
    0x08005e8a   0x08005e8a   0x00000002   PAD
    0x08005e8c   0x08005e8c   0x00000034   Code   RO          883    .text.TIM_ETR_SetConfig  stm32f1xx_hal_tim.o
    0x08005ec0   0x08005ec0   0x0000002a   Code   RO          889    .text.TIM_ITRx_SetConfig  stm32f1xx_hal_tim.o
    0x08005eea   0x08005eea   0x00000002   PAD
    0x08005eec   0x08005eec   0x00000050   Code   RO          887    .text.TIM_TI1_ConfigInputStage  stm32f1xx_hal_tim.o
    0x08005f3c   0x08005f3c   0x00000052   Code   RO          891    .text.TIM_TI2_ConfigInputStage  stm32f1xx_hal_tim.o
    0x08005f8e   0x08005f8e   0x00000002   PAD
    0x08005f90   0x08005f90   0x00000042   Code   RO         1184    .text.UART_EnableClocks  usart.o
    0x08005fd2   0x08005fd2   0x00000002   PAD
    0x08005fd4   0x08005fd4   0x00000094   Code   RO          438    .text.UART_EndRxTransfer  stm32f1xx_hal_uart.o
    0x08006068   0x08006068   0x00000044   Code   RO         1182    .text.UART_Init_All  usart.o
    0x080060ac   0x080060ac   0x000000ba   Code   RO          394    .text.UART_SetConfig  stm32f1xx_hal_uart.o
    0x08006166   0x08006166   0x00000002   PAD
    0x08006168   0x08006168   0x000000da   Code   RO          408    .text.UART_WaitOnFlagUntilTimeout  stm32f1xx_hal_uart.o
    0x08006242   0x08006242   0x00000002   PAD
    0x08006244   0x08006244   0x00000004   Code   RO         1220    .text.UsageFault_Handler  stm32f1xx_it.o
    0x08006248   0x08006248   0x00000030   Code   RO           99    .text.__NVIC_EnableIRQ  stm32f1xx_hal_cortex.o
    0x08006278   0x08006278   0x00000010   Code   RO           91    .text.__NVIC_GetPriorityGrouping  stm32f1xx_hal_cortex.o
    0x08006288   0x08006288   0x00000042   Code   RO           93    .text.__NVIC_SetPriority  stm32f1xx_hal_cortex.o
    0x080062ca   0x080062ca   0x00000002   PAD
    0x080062cc   0x080062cc   0x0000003c   Code   RO           87    .text.__NVIC_SetPriorityGrouping  stm32f1xx_hal_cortex.o
    0x08006308   0x08006308   0x00000116   Code   RO         1319    .text.appendLine    processfunctions.o
    0x0800641e   0x0800641e   0x00000002   PAD
    0x08006420   0x08006420   0x00000032   Code   RO         1123    .text.blinkTheDiod  led.o
    0x08006452   0x08006452   0x00000002   PAD
    0x08006454   0x08006454   0x00000056   Code   RO         1321    .text.checkIsDeviceCharging  processfunctions.o
    0x080064aa   0x080064aa   0x00000002   PAD
    0x080064ac   0x080064ac   0x00000120   Code   RO         1342    .text.checkTheBatteryCondition  adc.o
    0x080065cc   0x080065cc   0x00000062   Code   RO         1317    .text.initializedBuffer  processfunctions.o
    0x0800662e   0x0800662e   0x00000002   PAD
    0x08006630   0x08006630   0x000000c0   Code   RO         1196    .text.main          main.o
    0x080066f0   0x080066f0   0x0000001a   Code   RO         1247    .text.prepareStructure  l3g4200d.o
    0x0800670a   0x0800670a   0x00000002   PAD
    0x0800670c   0x0800670c   0x0000019a   Code   RO         1323    .text.processAlgorithm  processfunctions.o
    0x080068a6   0x080068a6   0x00000002   PAD
    0x080068a8   0x080068a8   0x00000092   Code   RO         1315    .text.processCurrentData  processfunctions.o
    0x0800693a   0x0800693a   0x00000002   PAD
    0x0800693c   0x0800693c   0x00000282   Code   RO         1278    .text.sd_ini        sd.o
    0x08006bbe   0x08006bbe   0x00000002   PAD
    0x08006bc0   0x08006bc0   0x00000092   Code   RO         1282    .text.setTimeToReadAndIidexOfIteration  sd.o
    0x08006c52   0x08006c52   0x00000002   PAD
    0x08006c54   0x08006c54   0x00000048   Code   RO         1251    .text.startGettingData  l3g4200d.o
    0x08006c9c   0x08006c9c   0x0000003e   Code   RO         1573    CL$$btod_d2e        c_w.l(btod.o)
    0x08006cda   0x08006cda   0x00000046   Code   RO         1575    CL$$btod_d2e_denorm_low  c_w.l(btod.o)
    0x08006d20   0x08006d20   0x00000060   Code   RO         1574    CL$$btod_d2e_norm_op1  c_w.l(btod.o)
    0x08006d80   0x08006d80   0x00000338   Code   RO         1583    CL$$btod_div_common  c_w.l(btod.o)
    0x080070b8   0x080070b8   0x000000dc   Code   RO         1580    CL$$btod_e2e        c_w.l(btod.o)
    0x08007194   0x08007194   0x0000002a   Code   RO         1577    CL$$btod_ediv       c_w.l(btod.o)
    0x080071be   0x080071be   0x0000002a   Code   RO         1576    CL$$btod_emul       c_w.l(btod.o)
    0x080071e8   0x080071e8   0x00000244   Code   RO         1582    CL$$btod_mult_common  c_w.l(btod.o)
    0x0800742c   0x0800742c   0x00000028   Code   RO         1659    i.__ARM_fpclassify  m_ws.l(fpclassify.o)
    0x08007454   0x08007454   0x0000000e   Code   RO         1462    i._is_digit         c_w.l(__printf_wp.o)
    0x08007462   0x08007462   0x00000002   PAD
    0x08007464   0x08007464   0x0000002c   Code   RO         1562    locale$$code        c_w.l(lc_ctype_c.o)
    0x08007490   0x08007490   0x0000002c   Code   RO         1598    locale$$code        c_w.l(lc_numeric_c.o)
    0x080074bc   0x080074bc   0x000000c4   Code   RO         1370    x$fpl$fadd          fz_ws.l(faddsub_clz.o)
    0x08007580   0x08007580   0x00000054   Code   RO         1376    x$fpl$fcmp          fz_ws.l(fcmp.o)
    0x080075d4   0x080075d4   0x00000018   Code   RO         1564    x$fpl$fcmpinf       fz_ws.l(fcmpi.o)
    0x080075ec   0x080075ec   0x00000184   Code   RO         1379    x$fpl$fdiv          fz_ws.l(fdiv.o)
    0x08007770   0x08007770   0x00000068   Code   RO         1497    x$fpl$feqf          fz_ws.l(feqf.o)
    0x080077d8   0x080077d8   0x00000036   Code   RO         1382    x$fpl$ffix          fz_ws.l(ffix.o)
    0x0800780e   0x0800780e   0x00000002   PAD
    0x08007810   0x08007810   0x00000030   Code   RO         1387    x$fpl$fflt          fz_ws.l(fflt_clz.o)
    0x08007840   0x08007840   0x00000026   Code   RO         1386    x$fpl$ffltu         fz_ws.l(fflt_clz.o)
    0x08007866   0x08007866   0x00000002   PAD
    0x08007868   0x08007868   0x00000068   Code   RO         1499    x$fpl$fgeqf         fz_ws.l(fgeqf.o)
    0x080078d0   0x080078d0   0x00000068   Code   RO         1501    x$fpl$fleqf         fz_ws.l(fleqf.o)
    0x08007938   0x08007938   0x00000102   Code   RO         1392    x$fpl$fmul          fz_ws.l(fmul.o)
    0x08007a3a   0x08007a3a   0x0000008c   Code   RO         1503    x$fpl$fnaninf       fz_ws.l(fnaninf.o)
    0x08007ac6   0x08007ac6   0x0000000a   Code   RO         1505    x$fpl$fretinf       fz_ws.l(fretinf.o)
    0x08007ad0   0x08007ad0   0x000000ea   Code   RO         1372    x$fpl$fsub          fz_ws.l(faddsub_clz.o)
    0x08007bba   0x08007bba   0x00000004   Code   RO         1507    x$fpl$printf1       fz_ws.l(printf1.o)
    0x08007bbe   0x08007bbe   0x00000004   Code   RO         1509    x$fpl$printf2       fz_ws.l(printf2.o)
    0x08007bc2   0x08007bc2   0x00000000   Code   RO         1515    x$fpl$usenofp       fz_ws.l(usenofp.o)
    0x08007bc2   0x08007bc2   0x00000002   PAD
    0x08007bc4   0x08007bc4   0x00000008   Data   RO         1421    .constdata          c_w.l(_printf_wctomb.o)
    0x08007bcc   0x08007bcc   0x00000028   Data   RO         1450    .constdata          c_w.l(_printf_hex_int_ll_ptr.o)
    0x08007bf4   0x08007bf4   0x00000011   Data   RO         1470    .constdata          c_w.l(__printf_flags_ss_wp.o)
    0x08007c05   0x08007c05   0x00000026   Data   RO         1548    .constdata          c_w.l(_printf_fp_hex.o)
    0x08007c2b   0x08007c2b   0x00000001   PAD
    0x08007c2c   0x08007c2c   0x00000094   Data   RO         1571    .constdata          c_w.l(bigflt0.o)
    0x08007cc0   0x08007cc0   0x00000010   Data   RO           16    .rodata.AHBPrescTable  system_stm32f1xx.o
    0x08007cd0   0x08007cd0   0x00000008   Data   RO           17    .rodata.APBPrescTable  system_stm32f1xx.o
    0x08007cd8   0x08007cd8   0x0000001b   Data   RO         1255    .rodata.Gyro_Init.msg  l3g4200d.o
    0x08007cf3   0x08007cf3   0x00000010   Data   RO          264    .rodata.HAL_RCCEx_GetPeriphCLKFreq.aPLLMULFactorTable  stm32f1xx_hal_rcc_ex.o
    0x08007d03   0x08007d03   0x00000002   Data   RO          265    .rodata.HAL_RCCEx_GetPeriphCLKFreq.aPredivFactorTable  stm32f1xx_hal_rcc_ex.o
    0x08007d05   0x08007d05   0x00000010   Data   RO          249    .rodata.HAL_RCC_GetSysClockFreq.aPLLMULFactorTable  stm32f1xx_hal_rcc.o
    0x08007d15   0x08007d15   0x00000002   Data   RO          250    .rodata.HAL_RCC_GetSysClockFreq.aPredivFactorTable  stm32f1xx_hal_rcc.o
    0x08007d17   0x08007d17   0x00000021   Data   RO         1285    .rodata.SD_Write_Block.msg_3  sd.o
    0x08007d38   0x08007d38   0x00000014   Data   RO         1287    .rodata.sd_ini.msg  sd.o
    0x08007d4c   0x08007d4c   0x0000000d   Data   RO         1288    .rodata.sd_ini.msg_1  sd.o
    0x08007d59   0x08007d59   0x00000027   Data   RO         1289    .rodata.sd_ini.msg_2  sd.o
    0x08007d80   0x08007d80   0x0000003c   Data   RO         1291    .rodata.sd_ini.msg_3  sd.o
    0x08007dbc   0x08007dbc   0x00000031   Data   RO         1256    .rodata.str1.1      l3g4200d.o
    0x08007ded   0x08007ded   0x00000040   Data   RO         1290    .rodata.str1.1      sd.o
    0x08007e2d   0x08007e2d   0x00000014   Data   RO         1326    .rodata.str1.1      processfunctions.o
    0x08007e41   0x08007e41   0x00000003   PAD
    0x08007e44   0x08007e44   0x00000020   Data   RO         1751    Region$$Table       anon$$obj.o
    0x08007e64   0x08007e64   0x00000110   Data   RO         1561    locale$$data        c_w.l(lc_ctype_c.o)
    0x08007f74   0x08007f74   0x0000001c   Data   RO         1597    locale$$data        c_w.l(lc_numeric_c.o)


    Execution Region ER_RW (Exec base: 0x20000000, Load base: 0x08007f90, Size: 0x00000020, Max: 0xffffffff, ABSOLUTE)

    Exec Addr    Load Addr    Size         Type   Attr      Idx    E Section Name        Object

    0x20000000   0x08007f90   0x00000004   Data   RW         1254    .data.STEP_TO_READ_MS  l3g4200d.o
    0x20000004   0x08007f94   0x00000004   Data   RW           15    .data.SystemCoreClock  system_stm32f1xx.o
    0x20000008   0x08007f98   0x00000004   Data   RW         1328    .data.current_sector  processfunctions.o
    0x2000000c   0x08007f9c   0x00000004   Data   RW         1138    .data.indexOfIteration  config.o
    0x20000010   0x08007fa0   0x00000001   Data   RW         1201    .data.isChargeOnBatteryEnough  main.o
    0x20000011   0x08007fa1   0x00000001   Data   RW         1140    .data.isFirstStep   config.o
    0x20000012   0x08007fa2   0x00000001   Data   RW         1325    .data.is_first_iteration  processfunctions.o
    0x20000013   0x08007fa3   0x00000001   PAD
    0x20000014   0x08007fa4   0x00000004   Data   RW         1253    .data.sensitivity   l3g4200d.o
    0x20000018   0x08007fa8   0x00000001   Data   RW           76    .data.uwTickFreq    stm32f1xx_hal.o
    0x20000019   0x08007fa9   0x00000003   PAD
    0x2000001c   0x08007fac   0x00000004   Data   RW           75    .data.uwTickPrio    stm32f1xx_hal.o


    Execution Region ER_ZI (Exec base: 0x20000020, Load base: 0x08007fb0, Size: 0x00000a28, Max: 0xffffffff, ABSOLUTE)

    Exec Addr    Load Addr    Size         Type   Attr      Idx    E Section Name        Object

    0x20000020        -       0x00000060   Zero   RW         1517    .bss                c_w.l(libspace.o)
    0x20000080        -       0x00000002   Zero   RW         1199    .bss.Timer2         main.o
    0x20000082        -       0x00000002   Zero   RW         1327    .bss.buf_pos        processfunctions.o
    0x20000084        -       0x00000200   Zero   RW         1202    .bss.buffer         main.o
    0x20000284        -       0x00000002   Zero   RW         1200    .bss.counterToCheckBatteryCondition  main.o
    0x20000286   0x08007fb0   0x00000002   PAD
    0x20000288        -       0x00000030   Zero   RW         1203    .bss.hadc1          main.o
    0x200002b8        -       0x00000054   Zero   RW         1163    .bss.hi2c1          i2c.o
    0x2000030c        -       0x00000058   Zero   RW         1174    .bss.hspi1          spi.o
    0x20000364        -       0x00000048   Zero   RW         1204    .bss.htim2          main.o
    0x200003ac        -       0x00000048   Zero   RW         1188    .bss.huart1         usart.o
    0x200003f4        -       0x00000001   Zero   RW         1142    .bss.isBatteryConditionNeedsToBeChecked  config.o
    0x200003f5        -       0x00000001   Zero   RW         1139    .bss.isErrorFlag    config.o
    0x200003f6        -       0x00000001   Zero   RW         1141    .bss.is_charging    config.o
    0x200003f7   0x08007fb0   0x00000001   PAD
    0x200003f8        -       0x00000004   Zero   RW         1198    .bss.numberOfPoints  main.o
    0x200003fc        -       0x00000001   Zero   RW         1286    .bss.sdinfo         sd.o
    0x200003fd        -       0x0000003c   Zero   RW         1284    .bss.str1           sd.o
    0x20000439   0x08007fb0   0x00000003   PAD
    0x2000043c        -       0x00000004   Zero   RW         1137    .bss.timeFromTheStartOfMCU  config.o
    0x20000440        -       0x00000004   Zero   RW           77    .bss.uwTick         stm32f1xx_hal.o
    0x20000444   0x08007fb0   0x00000004   PAD
    0x20000448        -       0x00000200   Zero   RW            2    HEAP                startup_stm32f103xb.o
    0x20000648        -       0x00000400   Zero   RW            1    STACK               startup_stm32f103xb.o


==============================================================================

Image component sizes


      Code (inc. data)   RO Data    RW Data    ZI Data      Debug   Object Name

       652          0          0          0          0       2825   adc.o
       260          0          0          5          7       1960   config.o
       564          0          0          0          0       2023   gpio.o
       120          0          0          0         84       3514   i2c.o
       522          0         76          8          0       5999   l3g4200d.o
        50          0          0          0          0        871   led.o
       192          0          0          1        640       5019   main.o
      1018          0         20          5          2       2943   processfunctions.o
      1706          0        229          0         61       6267   sd.o
        96          0          0          0         88       3426   spi.o
        64         26        236          0       1536        804   startup_stm32f103xb.o
       272          0          0          5          4       5567   stm32f1xx_hal.o
      2500          0          0          0          0       9397   stm32f1xx_hal_adc.o
       482          0          0          0          0       7544   stm32f1xx_hal_cortex.o
       928          0          0          0          0       4222   stm32f1xx_hal_gpio.o
      4526          0          0          0          0      37554   stm32f1xx_hal_i2c.o
        72          0          0          0          0       4811   stm32f1xx_hal_msp.o
      2582          0         18          0          0       7423   stm32f1xx_hal_rcc.o
       406          0         18          0          0       3120   stm32f1xx_hal_rcc_ex.o
      1592          0          0          0          0      18929   stm32f1xx_hal_spi.o
      1808          0          0          0          0      35660   stm32f1xx_hal_tim.o
       236          0          0          0          0      15105   stm32f1xx_hal_tim_ex.o
      1022          0          0          0          0      20049   stm32f1xx_hal_uart.o
       162          0          0          0          0       4292   stm32f1xx_it.o
         2          0         24          4          0       1550   system_stm32f1xx.o
       128          0          0          0          0       1622   timers.o
       134          0          0          0         72       3700   usart.o

    ----------------------------------------------------------------------
     22212         26        656         32       2504     216196   Object Totals
         0          0         32          0          0          0   (incl. Generated)
       116          0          3          4         10          0   (incl. Padding)

    ----------------------------------------------------------------------

      Code (inc. data)   RO Data    RW Data    ZI Data      Debug   Library Member Name

         8          0          0          0          0         68   __main.o
       392          4         17          0          0         92   __printf_flags_ss_wp.o
        14          0          0          0          0         68   __printf_wp.o
         0          0          0          0          0          0   __rtentry.o
        12          0          0          0          0          0   __rtentry2.o
         6          0          0          0          0          0   __rtentry4.o
        94          8          0          0          0          0   __scatter.o
        26          0          0          0          0          0   __scatter_copy.o
        28          0          0          0          0          0   __scatter_zi.o
        72          0          0          0          0         96   _c16rtomb.o
        28          0          0          0          0         68   _chval.o
         6          0          0          0          0          0   _printf_a.o
         6          0          0          0          0          0   _printf_c.o
        44          0          0          0          0        108   _printf_char.o
        48          6          0          0          0         96   _printf_char_common.o
        40          0          0          0          0         68   _printf_charcount.o
         6          0          0          0          0          0   _printf_d.o
       120         16          0          0          0         92   _printf_dec.o
         6          0          0          0          0          0   _printf_e.o
         6          0          0          0          0          0   _printf_f.o
      1052          0          0          0          0        148   _printf_fp_dec.o
       764          8         38          0          0        100   _printf_fp_hex.o
       128         16          0          0          0         84   _printf_fp_infnan.o
         6          0          0          0          0          0   _printf_g.o
       148          4         40          0          0        160   _printf_hex_int_ll_ptr.o
         6          0          0          0          0          0   _printf_i.o
       178          0          0          0          0         88   _printf_intcommon.o
        10          0          0          0          0          0   _printf_l.o
         6          0          0          0          0          0   _printf_lc.o
        10          0          0          0          0          0   _printf_ll.o
         6          0          0          0          0          0   _printf_lld.o
         6          0          0          0          0          0   _printf_lli.o
         6          0          0          0          0          0   _printf_llo.o
         6          0          0          0          0          0   _printf_llu.o
         6          0          0          0          0          0   _printf_llx.o
       124         16          0          0          0         92   _printf_longlong_dec.o
         6          0          0          0          0          0   _printf_ls.o
         6          0          0          0          0          0   _printf_n.o
         6          0          0          0          0          0   _printf_o.o
       112          8          0          0          0        124   _printf_oct_int_ll.o
         6          0          0          0          0          0   _printf_p.o
        78          0          0          0          0        108   _printf_pad.o
         0          0          0          0          0          0   _printf_percent.o
         4          0          0          0          0          0   _printf_percent_end.o
         6          0          0          0          0          0   _printf_s.o
        82          0          0          0          0         80   _printf_str.o
        36          0          0          0          0         84   _printf_truncate.o
         6          0          0          0          0          0   _printf_u.o
        44          0          0          0          0        108   _printf_wchar.o
       188          6          8          0          0         92   _printf_wctomb.o
         6          0          0          0          0          0   _printf_x.o
        16          0          0          0          0         68   _snputc.o
        10          0          0          0          0         68   _sputc.o
       158          0          0          0          0         92   _strtoul.o
       228          4        148          0          0         96   bigflt0.o
      1936        128          0          0          0        668   btod.o
        18          0          0          0          0         80   exit.o
         6          0          0          0          0        152   heapauxi.o
         0          0          0          0          0          0   indicate_semi.o
        44         10        272          0          0         76   lc_ctype_c.o
        44         10         28          0          0         76   lc_numeric_c.o
         2          0          0          0          0          0   libinit.o
        30          0          0          0          0          0   libinit2.o
         2          0          0          0          0          0   libshutdown.o
         2          0          0          0          0          0   libshutdown2.o
         8          4          0          0         96         68   libspace.o
       138          0          0          0          0         80   lludiv10.o
        16          4          0          0          0         76   rt_ctype_table.o
         8          4          0          0          0         68   rt_errno_addr_intlibspace.o
         8          4          0          0          0         68   rt_locale_intlibspace.o
        68          0          0          0          0         68   rt_memclr.o
        78          0          0          0          0         80   rt_memclr_w.o
         2          0          0          0          0          0   rtexit.o
        10          0          0          0          0          0   rtexit2.o
        64          6          0          0          0         84   snprintf.o
        44          6          0          0          0         84   sprintf.o
       128          0          0          0          0         68   strcmpv7m.o
        62          0          0          0          0         76   strlen.o
        36          0          0          0          0         80   strstr.o
       114          0          0          0          0         92   strtoul.o
        12          4          0          0          0         68   sys_exit.o
        74          0          0          0          0         80   sys_stackheap_outer.o
         2          0          0          0          0         68   use_no_semi.o
       430          8          0          0          0        168   faddsub_clz.o
        84          0          0          0          0        196   fcmp.o
        24          0          0          0          0         68   fcmpi.o
       388         76          0          0          0         96   fdiv.o
       104          4          0          0          0         84   feqf.o
        54          4          0          0          0         84   ffix.o
        86          0          0          0          0        136   fflt_clz.o
       104          4          0          0          0         84   fgeqf.o
       104          4          0          0          0         84   fleqf.o
       258          4          0          0          0         84   fmul.o
       140          4          0          0          0         84   fnaninf.o
        10          0          0          0          0         68   fretinf.o
         4          0          0          0          0         68   printf1.o
         4          0          0          0          0         68   printf2.o
         0          0          0          0          0          0   usenofp.o
        40          0          0          0          0         68   fpclassify.o

    ----------------------------------------------------------------------
      9236        384        552          0         96       6048   Library Totals
        24          0          1          0          0          0   (incl. Padding)

    ----------------------------------------------------------------------

      Code (inc. data)   RO Data    RW Data    ZI Data      Debug   Library Name

      7378        276        551          0         96       4608   c_w.l
      1794        108          0          0          0       1372   fz_ws.l
        40          0          0          0          0         68   m_ws.l

    ----------------------------------------------------------------------
      9236        384        552          0         96       6048   Library Totals

    ----------------------------------------------------------------------

==============================================================================


      Code (inc. data)   RO Data    RW Data    ZI Data      Debug   

     31448        410       1208         32       2600     218428   Grand Totals
     31448        410       1208         32       2600     218428   ELF Image Totals
     31448        410       1208         32          0          0   ROM Totals

==============================================================================

    Total RO  Size (Code + RO Data)                32656 (  31.89kB)
    Total RW  Size (RW Data + ZI Data)              2632 (   2.57kB)
    Total ROM Size (Code + RO Data + RW Data)      32688 (  31.92kB)

==============================================================================

